// Vitest Snapshot v1, https://vitest.dev/guide/snapshot.html

exports[`App snapshots > should render App 1`] = `
<DocumentFragment>
  <div
    class="_App_55ce9c"
  >
    <main
      class="_HomePage_04d875"
    >
      <h1>
        xigma
      </h1>
      <p
        style="color: var(--color-neutral-2);"
      >
        Vite + React + TypeScript
      </p>
      <p
        style="color: var(--color-neutral-2);"
      >
        A minimal starter template.
      </p>
      <button
        class="_HomePage__theme-toggle_04d875"
        type="button"
      >
        Switch to light theme
      </button>
    </main>
  </div>
</DocumentFragment>
`;
