// Vitest Snapshot v1, https://vitest.dev/guide/snapshot.html

exports[`Dropdown snapshots > should render Dropdown showing the selected option label 1`] = `
<DocumentFragment>
  <button
    aria-expanded="false"
    aria-haspopup="dialog"
    class="_Dropdown_cc217a"
    data-state="closed"
    data-test-bypass-global-shortcuts="true"
    type="button"
  >
    <span
      class="_Dropdown__label_cc217a"
    >
      Hex
    </span>
    <svg
      class="Icon"
      data-fpl-icon-size="24"
      fill="none"
      height="12"
      style="color: var(--color-neutral-1);"
      viewBox="0 0 24 24"
      width="12"
    >
      <path
        clip-rule="evenodd"
        d="M9.646 11.146a.5.5 0 0 1 .708 0L12 12.793l1.646-1.647a.5.5 0 0 1 .708.708l-2 2a.5.5 0 0 1-.708 0l-2-2a.5.5 0 0 1 0-.708"
        data-svg-property="fill"
        fill="white"
        fill-rule="evenodd"
      />
    </svg>
  </button>
</DocumentFragment>
`;
