// Vitest Snapshot v1, https://vitest.dev/guide/snapshot.html

exports[`PositionSection snapshots > should render the alignment and position rows 1`] = `
<DocumentFragment>
  <div
    class="_Section_5940d2"
    data-test-section="position"
  >
    <div
      class="_Section__header_5940d2"
    >
      <span
        class="_Section__label_5940d2"
      >
        Position
      </span>
      <div
        class="_Section__component_5940d2"
      />
    </div>
    <div
      class="_SectionColumn_84b4eb _SectionColumn--with-bottom-margin_84b4eb"
      data-test-section=""
    >
      <div
        class="_SectionColumnLabels_ed28d5"
        style="width: calc(100% - 32px);"
      >
        <span
          class="_Label_f37f38 _Label--secondary_f37f38 _SectionColumnLabels__label_ed28d5"
          style="font-size: 9px;"
        >
          Alignment
        </span>
      </div>
      <div
        class="_SectionColumn__row_84b4eb"
      >
        <div
          class="_SectionColumnContent_e7fe0a _SectionColumnContent--two-inputs_e7fe0a"
          style="width: calc(100% - 32px);"
        >
          <div
            class="_ButtonGroup_f86a5c _ColumnAlignment__buttons_f0a340"
            data-test-button-group="horizontal-alignment"
          >
            <button
              aria-label="Align left"
              aria-pressed="false"
              class="_Button_b88d2e _Button--disabled_b88d2e _ButtonGroup__button_f86a5c"
              data-state="closed"
              disabled=""
              type="button"
            >
              <svg
                class="Icon"
                data-fpl-icon-size="24"
                fill="none"
                height="24"
                style="color: var(--color-neutral-1);"
                viewBox="0 0 24 24"
                width="24"
              >
                <path
                  clip-rule="evenodd"
                  d="M17.25 10a.75.75 0 0 0 .75-.75v-.5a.75.75 0 0 0-.75-.75h-8.5a.75.75 0 0 0-.75.75v.5c0 .414.336.75.75.75zm-4 5a.75.75 0 0 0 .75-.75v-.5a.75.75 0 0 0-.75-.75h-4.5a.75.75 0 0 0-.75.75v.5c0 .414.336.75.75.75z"
                  data-svg-fill-one="fill"
                  data-svg-property="fill"
                  fill="white"
                  fill-rule="evenodd"
                />
                <path
                  d="M6 17.5a.5.5 0 0 1-1 0v-12a.5.5 0 0 1 1 0z"
                  data-svg-fill-two="fill"
                  data-svg-property="fill"
                  fill="white"
                />
              </svg>
            </button>
            <button
              aria-label="Align horizontal centers"
              aria-pressed="false"
              class="_Button_b88d2e _Button--disabled_b88d2e _ButtonGroup__button_f86a5c"
              data-state="closed"
              disabled=""
              type="button"
            >
              <svg
                class="Icon"
                data-fpl-icon-size="24"
                fill="none"
                height="24"
                style="color: var(--color-neutral-1);"
                viewBox="0 0 24 24"
                width="24"
              >
                <path
                  clip-rule="evenodd"
                  d="M17.25 10a.75.75 0 0 0 .75-.75v-.5a.75.75 0 0 0-.75-.75h-9.5a.75.75 0 0 0-.75.75v.5c0 .414.336.75.75.75zm-2 5a.75.75 0 0 0 .75-.75v-.5a.75.75 0 0 0-.75-.75h-5.5a.75.75 0 0 0-.75.75v.5c0 .414.336.75.75.75z"
                  data-svg-fill-one="fill"
                  data-svg-property="fill"
                  fill="white"
                  fill-rule="evenodd"
                />
                <path
                  clip-rule="evenodd"
                  d="M13 17.5a.5.5 0 0 1-1 0V15h1zm0-4.5v-3h-1v3zm0-7.5V8h-1V5.5a.5.5 0 0 1 1 0"
                  data-svg-fill-two="fill"
                  data-svg-property="fill"
                  fill="white"
                  fill-rule="evenodd"
                />
              </svg>
            </button>
            <button
              aria-label="Align right"
              aria-pressed="false"
              class="_Button_b88d2e _Button--disabled_b88d2e _ButtonGroup__button_f86a5c"
              data-state="closed"
              disabled=""
              type="button"
            >
              <svg
                class="Icon"
                data-fpl-icon-size="24"
                fill="none"
                height="24"
                style="color: var(--color-neutral-1);"
                viewBox="0 0 24 24"
                width="24"
              >
                <path
                  clip-rule="evenodd"
                  d="M6.75 10A.75.75 0 0 1 6 9.25v-.5A.75.75 0 0 1 6.75 8h8.5a.75.75 0 0 1 .75.75v.5a.75.75 0 0 1-.75.75zm4 5a.75.75 0 0 1-.75-.75v-.5a.75.75 0 0 1 .75-.75h4.5a.75.75 0 0 1 .75.75v.5a.75.75 0 0 1-.75.75z"
                  data-svg-fill-one="fill"
                  data-svg-property="fill"
                  fill="white"
                  fill-rule="evenodd"
                />
                <path
                  d="M18 17.5a.5.5 0 0 0 1 0v-12a.5.5 0 0 0-1 0z"
                  data-svg-fill-two="fill"
                  data-svg-property="fill"
                  fill="white"
                />
              </svg>
            </button>
          </div>
          <div
            class="_ButtonGroup_f86a5c _ColumnAlignment__buttons_f0a340"
            data-test-button-group="vertical-alignment"
          >
            <button
              aria-label="Align top"
              aria-pressed="false"
              class="_Button_b88d2e _Button--disabled_b88d2e _ButtonGroup__button_f86a5c"
              data-state="closed"
              disabled=""
              type="button"
            >
              <svg
                class="Icon"
                data-fpl-icon-size="24"
                fill="none"
                height="24"
                style="color: var(--color-neutral-1);"
                viewBox="0 0 24 24"
                width="24"
              >
                <path
                  clip-rule="evenodd"
                  d="M10 17.25a.75.75 0 0 1-.75.75h-.5a.75.75 0 0 1-.75-.75v-8.5A.75.75 0 0 1 8.75 8h.5a.75.75 0 0 1 .75.75zm5-4a.75.75 0 0 1-.75.75h-.5a.75.75 0 0 1-.75-.75v-4.5a.75.75 0 0 1 .75-.75h.5a.75.75 0 0 1 .75.75z"
                  data-svg-fill-one="fill"
                  data-svg-property="fill"
                  fill="white"
                  fill-rule="evenodd"
                />
                <path
                  d="M17.5 6a.5.5 0 0 0 0-1h-12a.5.5 0 0 0 0 1z"
                  data-svg-fill-two="fill"
                  data-svg-property="fill"
                  fill="white"
                />
              </svg>
            </button>
            <button
              aria-label="Align vertical centers"
              aria-pressed="false"
              class="_Button_b88d2e _Button--disabled_b88d2e _ButtonGroup__button_f86a5c"
              data-state="closed"
              disabled=""
              type="button"
            >
              <svg
                class="Icon"
                data-fpl-icon-size="24"
                fill="none"
                height="24"
                style="color: var(--color-neutral-1);"
                viewBox="0 0 24 24"
                width="24"
              >
                <path
                  clip-rule="evenodd"
                  d="M10 6.75A.75.75 0 0 0 9.25 6h-.5a.75.75 0 0 0-.75.75v9.5c0 .414.336.75.75.75h.5a.75.75 0 0 0 .75-.75zm5 2a.75.75 0 0 0-.75-.75h-.5a.75.75 0 0 0-.75.75v5.5c0 .414.336.75.75.75h.5a.75.75 0 0 0 .75-.75z"
                  data-svg-fill-one="fill"
                  data-svg-property="fill"
                  fill="white"
                  fill-rule="evenodd"
                />
                <path
                  clip-rule="evenodd"
                  d="M17.5 11a.5.5 0 0 1 0 1H15v-1zM13 11h-3v1h3zm-7.5 0H8v1H5.5a.5.5 0 0 1 0-1"
                  data-svg-fill-two="fill"
                  data-svg-property="fill"
                  fill="white"
                  fill-rule="evenodd"
                />
              </svg>
            </button>
            <button
              aria-label="Align bottom"
              aria-pressed="false"
              class="_Button_b88d2e _Button--disabled_b88d2e _ButtonGroup__button_f86a5c"
              data-state="closed"
              disabled=""
              type="button"
            >
              <svg
                class="Icon"
                data-fpl-icon-size="24"
                fill="none"
                height="24"
                style="color: var(--color-neutral-1);"
                viewBox="0 0 24 24"
                width="24"
              >
                <path
                  clip-rule="evenodd"
                  d="M10 6.75A.75.75 0 0 0 9.25 6h-.5a.75.75 0 0 0-.75.75v8.5c0 .414.336.75.75.75h.5a.75.75 0 0 0 .75-.75zm5 4a.75.75 0 0 0-.75-.75h-.5a.75.75 0 0 0-.75.75v4.5c0 .414.336.75.75.75h.5a.75.75 0 0 0 .75-.75z"
                  data-svg-fill-one="fill"
                  data-svg-property="fill"
                  fill="white"
                  fill-rule="evenodd"
                />
                <path
                  d="M17.5 18a.5.5 0 0 1 0 1h-12a.5.5 0 0 1 0-1z"
                  data-svg-fill-two="fill"
                  data-svg-property="fill"
                  fill="white"
                />
              </svg>
            </button>
          </div>
        </div>
        <div>
          <div
            class="_SectionColumnButtonIcons_71f71e"
          />
        </div>
      </div>
    </div>
    <div
      class="_SectionColumn_84b4eb _SectionColumn--with-bottom-margin_84b4eb"
      data-test-section=""
    >
      <div
        class="_SectionColumnLabels_ed28d5"
        style="width: calc(100% - 32px);"
      >
        <span
          class="_Label_f37f38 _Label--secondary_f37f38 _SectionColumnLabels__label_ed28d5"
          style="font-size: 9px;"
        >
          Position
        </span>
      </div>
      <div
        class="_SectionColumn__row_84b4eb"
      >
        <div
          class="_SectionColumnContent_e7fe0a _SectionColumnContent--two-inputs_e7fe0a"
          style="width: calc(100% - 32px);"
        >
          <div
            class="_TextField_bd2800"
          >
            <div
              class="_TextFieldWrapper_9a3a67 _TextFieldWrapper--filled_9a3a67"
              data-test-text-field="x"
            >
              <div
                class="ScrubbableInput"
              >
                <span
                  class="_ColumnPositionField__label_f7c11b"
                >
                  X
                </span>
              </div>
              <input
                aria-label="X position"
                class="_TextFieldWrapper__input_9a3a67"
                data-state="closed"
                data-test-bypass-global-shortcuts="true"
                data-test-text-field-input="x"
                type="number"
                value="0"
              />
              <span
                class="_TextFieldWrapper__endAdornment_9a3a67"
              />
            </div>
          </div>
          <div
            class="_TextField_bd2800"
          >
            <div
              class="_TextFieldWrapper_9a3a67 _TextFieldWrapper--filled_9a3a67"
              data-test-text-field="y"
            >
              <div
                class="ScrubbableInput"
              >
                <span
                  class="_ColumnPositionField__label_f7c11b"
                >
                  Y
                </span>
              </div>
              <input
                aria-label="Y position"
                class="_TextFieldWrapper__input_9a3a67"
                data-state="closed"
                data-test-bypass-global-shortcuts="true"
                data-test-text-field-input="y"
                type="number"
                value="0"
              />
              <span
                class="_TextFieldWrapper__endAdornment_9a3a67"
              />
            </div>
          </div>
        </div>
        <div>
          <div
            class="_SectionColumnButtonIcons_71f71e"
          />
        </div>
      </div>
    </div>
    <div
      class="_SectionColumn_84b4eb _SectionColumn--with-bottom-margin_84b4eb"
      data-test-section=""
    >
      <div
        class="_SectionColumnLabels_ed28d5"
        style="width: calc(100% - 32px);"
      >
        <span
          class="_Label_f37f38 _Label--secondary_f37f38 _SectionColumnLabels__label_ed28d5"
          style="font-size: 9px;"
        >
          Rotation
        </span>
      </div>
      <div
        class="_SectionColumn__row_84b4eb"
      >
        <div
          class="_SectionColumnContent_e7fe0a _SectionColumnContent--two-inputs_e7fe0a"
          style="width: calc(100% - 32px);"
        >
          <div
            class="_TextField_bd2800"
          >
            <div
              class="_TextFieldWrapper_9a3a67 _TextFieldWrapper--filled_9a3a67"
              data-test-text-field="rotation"
            >
              <div
                class="ScrubbableInput"
              >
                <svg
                  class="Icon"
                  fill="none"
                  height="12"
                  style="color: var(--color-neutral-2);"
                  viewBox="0 0 8 8"
                  width="12"
                  xmlns="http://www.w3.org/2000/svg"
                >
                  <path
                    clip-rule="evenodd"
                    d="M1 0.5C1 0.367392 0.947322 0.240214 0.853554 0.146446C0.759786 0.052678 0.632608 0 0.5 0C0.367392 0 0.240214 0.052678 0.146446 0.146446C0.052678 0.240214 0 0.367392 0 0.5V7.5C0 7.63261 0.052678 7.75979 0.146446 7.85355C0.240214 7.94732 0.367392 8 0.5 8H7.5C7.63261 8 7.75979 7.94732 7.85355 7.85355C7.94732 7.75979 8 7.63261 8 7.5C8 7.36739 7.94732 7.24021 7.85355 7.14645C7.75979 7.05268 7.63261 7 7.5 7H5C5 5.93913 4.57857 4.92172 3.82843 4.17157C3.07828 3.42143 2.06087 3 1 3V0.5ZM1 4V7H4C4 6.20435 3.68393 5.44129 3.12132 4.87868C2.55871 4.31607 1.79565 4 1 4Z"
                    data-svg-property="fill"
                    fill="white"
                    fill-rule="evenodd"
                  />
                </svg>
              </div>
              <input
                aria-label="Rotation"
                class="_TextFieldWrapper__input_9a3a67"
                data-test-bypass-global-shortcuts="true"
                data-test-text-field-input="rotation"
                type="text"
                value="0°"
              />
              <span
                class="_TextFieldWrapper__endAdornment_9a3a67"
              />
            </div>
          </div>
          <div
            class="_ButtonGroup_f86a5c"
            data-test-button-group="rotation-options"
          >
            <button
              aria-label="Rotate 90° right"
              aria-pressed="false"
              class="_Button_b88d2e _ButtonGroup__button_f86a5c"
              data-state="closed"
              type="button"
            >
              <svg
                class="Icon"
                data-fpl-icon-size="24"
                fill="none"
                height="24"
                style="color: var(--color-neutral-1);"
                viewBox="0 0 24 24"
                width="24"
              >
                <path
                  d="M11.054 9.543a1.5 1.5 0 0 1 2.007.103l3.293 3.293a1.5 1.5 0 0 1 0 2.121l-3.293 3.293a1.5 1.5 0 0 1-2.121 0L7.647 15.06a1.5 1.5 0 0 1 0-2.121l3.293-3.293zm1.3.81a.5.5 0 0 0-.707 0l-3.293 3.293a.5.5 0 0 0 0 .707l3.293 3.293a.5.5 0 0 0 .629.064l.078-.064 3.293-3.293a.5.5 0 0 0 .064-.629l-.064-.078zM9.526 5.767a3.5 3.5 0 0 1 4.949 0L16 7.292V6a.5.5 0 0 1 1 0v2.5a.5.5 0 0 1-.5.5H14a.5.5 0 0 1 0-1h1.293l-1.525-1.526a2.5 2.5 0 0 0-3.535 0l-2.38 2.379a.5.5 0 0 1-.706-.707z"
                  data-svg-property="fill"
                  fill="white"
                />
              </svg>
            </button>
            <button
              aria-label="Flip horizontal"
              aria-pressed="false"
              class="_Button_b88d2e _Button--disabled_b88d2e _ButtonGroup__button_f86a5c"
              data-state="closed"
              disabled=""
              type="button"
            >
              <svg
                class="Icon"
                data-fpl-icon-size="24"
                fill="none"
                height="24"
                style="color: var(--color-neutral-1);"
                viewBox="0 0 24 24"
                width="24"
              >
                <path
                  clip-rule="evenodd"
                  d="M12.5 6.5a.5.5 0 0 0-1 0v11a.5.5 0 0 0 1 0zM6 9.104a.75.75 0 0 1 1.28-.53L10 11.292a1 1 0 0 1 0 1.414l-2.72 2.72a.75.75 0 0 1-1.28-.53zm1 .603v4.586L9.293 12zm11-.603a.75.75 0 0 0-1.28-.53L14 11.292a1 1 0 0 0 0 1.414l2.72 2.72a.75.75 0 0 0 1.28-.53zm-1 .603v4.586L14.707 12z"
                  data-svg-property="fill"
                  fill="white"
                  fill-rule="evenodd"
                />
              </svg>
            </button>
            <button
              aria-label="Flip vertical"
              aria-pressed="false"
              class="_Button_b88d2e _Button--disabled_b88d2e _ButtonGroup__button_f86a5c"
              data-state="closed"
              disabled=""
              type="button"
            >
              <svg
                class="Icon"
                data-fpl-icon-size="24"
                fill="none"
                height="24"
                style="color: var(--color-neutral-1);"
                viewBox="0 0 24 24"
                width="24"
              >
                <path
                  clip-rule="evenodd"
                  d="M17.5 12.5a.5.5 0 0 0 0-1h-11a.5.5 0 0 0 0 1zM14.896 18a.75.75 0 0 0 .53-1.28L12.708 14a1 1 0 0 0-1.414 0l-2.72 2.72a.75.75 0 0 0 .53 1.28zm-.603-1H9.707L12 14.707zm.603-11a.75.75 0 0 1 .53 1.28L12.708 10a1 1 0 0 1-1.414 0l-2.72-2.72A.75.75 0 0 1 9.103 6zm-.603 1H9.707L12 9.293z"
                  data-svg-property="fill"
                  fill="white"
                  fill-rule="evenodd"
                />
              </svg>
            </button>
          </div>
        </div>
        <div>
          <div
            class="_SectionColumnButtonIcons_71f71e"
          />
        </div>
      </div>
    </div>
  </div>
</DocumentFragment>
`;
