// Vitest Snapshot v1, https://vitest.dev/guide/snapshot.html

exports[`ToolDropdown snapshots > should render ToolDropdown 1`] = `
<DocumentFragment>
  <button
    aria-expanded="false"
    aria-haspopup="dialog"
    aria-label="default options"
    class="_ToolDropdown_4435b8"
    data-state="closed"
    type="button"
  >
    <svg
      class="Icon"
      data-fpl-icon-size="24"
      fill="none"
      height="16"
      style="color: var(--color-neutral-1);"
      viewBox="0 0 24 24"
      width="16"
    >
      <path
        clip-rule="evenodd"
        d="M9.646 11.146a.5.5 0 0 1 .708 0L12 12.793l1.646-1.647a.5.5 0 0 1 .708.708l-2 2a.5.5 0 0 1-.708 0l-2-2a.5.5 0 0 1 0-.708"
        data-svg-property="fill"
        fill="white"
        fill-rule="evenodd"
      />
    </svg>
  </button>
</DocumentFragment>
`;
