// Vitest Snapshot v1, https://vitest.dev/guide/snapshot.html

exports[`ColumnDimensionsSizingMenu snapshots > should render the width sizing options 1`] = `
<DocumentFragment>
  <div
    class="_PopoverItem_9483de"
    type="button"
  >
    <span
      style="opacity: 1;"
    >
      <svg
        aria-hidden="true"
        class="Icon"
        fill="none"
        height="14"
        style="color: var(--color-neutral-1);"
        viewBox="0 0 16 16"
        width="14"
      >
        <path
          d="M11.584 3.723a.5.5 0 0 1 .832.554l-5 7.5a.502.502 0 0 1-.77.077l-3-3a.5.5 0 0 1 .708-.708l2.568 2.569z"
          data-svg-property="fill"
          fill="white"
        />
      </svg>
    </span>
    <svg
      class="Icon"
      data-fpl-icon-size="24"
      fill="none"
      height="12"
      style="color: var(--color-neutral-1);"
      viewBox="0 0 24 24"
      width="12"
    >
      <path
        clip-rule="evenodd"
        d="M16.5 8.5a.5.5 0 0 1 .5.5v5a.5.5 0 1 1-1 0v-2H7v2a.5.5 0 0 1-1 0V9a.5.5 0 0 1 1 0v2h9V9a.5.5 0 0 1 .5-.5"
        data-svg-property="fill"
        fill="white"
        fill-rule="evenodd"
      />
    </svg>
    <div
      class="_PopoverItem__row_9483de"
    >
      <span
        class="_PopoverItem__label_9483de"
      >
        Fixed width (77)
      </span>
    </div>
  </div>
  <div
    class="_PopoverItem_9483de"
    type="button"
  >
    <span
      style="opacity: 0;"
    >
      <svg
        aria-hidden="true"
        class="Icon"
        fill="none"
        height="14"
        style="color: var(--color-neutral-1);"
        viewBox="0 0 16 16"
        width="14"
      >
        <path
          d="M11.584 3.723a.5.5 0 0 1 .832.554l-5 7.5a.502.502 0 0 1-.77.077l-3-3a.5.5 0 0 1 .708-.708l2.568 2.569z"
          data-svg-property="fill"
          fill="white"
        />
      </svg>
    </span>
    <svg
      class="Icon"
      data-fpl-icon-size="24"
      fill="none"
      height="12"
      style="color: var(--color-neutral-1);"
      viewBox="0 0 24 24"
      width="12"
    >
      <path
        clip-rule="evenodd"
        d="M7.146 8.146a.5.5 0 0 1 .708 0l3 3a.5.5 0 0 1 0 .707l-3 3a.5.5 0 1 1-.708-.707L9.793 11.5 7.146 8.854a.5.5 0 0 1 0-.708m9.708 0a.5.5 0 0 1 0 .708L14.207 11.5l2.647 2.646a.5.5 0 0 1-.708.707l-3-3a.5.5 0 0 1 0-.707l3-3a.5.5 0 0 1 .708 0"
        data-svg-property="fill"
        fill="white"
        fill-rule="evenodd"
      />
    </svg>
    <div
      class="_PopoverItem__row_9483de"
    >
      <span
        class="_PopoverItem__label_9483de"
      >
        Hug contents
      </span>
    </div>
  </div>
  <div
    class="_PopoverItem_9483de"
    type="button"
  >
    <span
      style="opacity: 0;"
    >
      <svg
        aria-hidden="true"
        class="Icon"
        fill="none"
        height="14"
        style="color: var(--color-neutral-1);"
        viewBox="0 0 16 16"
        width="14"
      >
        <path
          d="M11.584 3.723a.5.5 0 0 1 .832.554l-5 7.5a.502.502 0 0 1-.77.077l-3-3a.5.5 0 0 1 .708-.708l2.568 2.569z"
          data-svg-property="fill"
          fill="white"
        />
      </svg>
    </span>
    <svg
      class="Icon"
      fill="none"
      height="12"
      style="color: var(--color-neutral-1);"
      viewBox="0 0 14 12"
      width="12"
      xmlns="http://www.w3.org/2000/svg"
    >
      <path
        clip-rule="evenodd"
        d="M0.5 12C0.367392 12 0.240215 11.9473 0.146447 11.8536C0.0526785 11.7598 0 11.6326 0 11.5V0.5C0 0.367392 0.0526785 0.240215 0.146447 0.146447C0.240215 0.0526785 0.367392 0 0.5 0C0.632608 0 0.759785 0.0526785 0.853553 0.146447C0.947321 0.240215 1 0.367392 1 0.5V11.5C1 11.6326 0.947321 11.7598 0.853553 11.8536C0.759785 11.9473 0.632608 12 0.5 12ZM13.5 12C13.3674 12 13.2402 11.9473 13.1464 11.8536C13.0527 11.7598 13 11.6326 13 11.5V0.5C13 0.367392 13.0527 0.240215 13.1464 0.146447C13.2402 0.0526785 13.3674 0 13.5 0C13.6326 0 13.7598 0.0526785 13.8536 0.146447C13.9473 0.240215 14 0.367392 14 0.5V11.5C14 11.6326 13.9473 11.7598 13.8536 11.8536C13.7598 11.9473 13.6326 12 13.5 12ZM2.604 2L4.486 10H5.516L7 4.062L8.485 10H9.514L11.396 2H10.369L8.985 7.88L7.515 2H6.485L5.015 7.88L3.63 2H2.604Z"
        data-svg-property="fill"
        fill="white"
        fill-rule="evenodd"
      />
    </svg>
    <div
      class="_PopoverItem__row_9483de"
    >
      <span
        class="_PopoverItem__label_9483de"
      >
        Fill container
      </span>
    </div>
  </div>
  <div
    class="_PopoverSeparator_f8884f"
  />
  <div
    class="_PopoverItem_9483de"
    type="button"
  >
    <span
      style="opacity: 0;"
    >
      <svg
        aria-hidden="true"
        class="Icon"
        fill="none"
        height="14"
        style="color: var(--color-neutral-1);"
        viewBox="0 0 16 16"
        width="14"
      >
        <path
          d="M11.584 3.723a.5.5 0 0 1 .832.554l-5 7.5a.502.502 0 0 1-.77.077l-3-3a.5.5 0 0 1 .708-.708l2.568 2.569z"
          data-svg-property="fill"
          fill="white"
        />
      </svg>
    </span>
    <svg
      class="Icon"
      fill="none"
      height="12"
      style="color: var(--color-neutral-1);"
      viewBox="0 0 16 16"
      width="12"
      xmlns="http://www.w3.org/2000/svg"
    >
      <path
        d="M7.5 2H8.5V14H7.5V2Z"
        data-svg-property="fill"
        fill="white"
      />
      <path
        clip-rule="evenodd"
        d="M2.854 5.146L5.707 8L2.854 10.854L2.146 10.146L3.793 8.5H0V7.5H3.793L2.146 5.854L2.854 5.146ZM12.207 8.5L13.854 10.146L13.146 10.854L10.293 8L13.146 5.146L13.854 5.854L12.207 7.5H16V8.5H12.207Z"
        data-svg-property="fill"
        fill="white"
        fill-rule="evenodd"
      />
    </svg>
    <div
      class="_PopoverItem__row_9483de"
    >
      <span
        class="_PopoverItem__label_9483de"
      >
        Add min width…
      </span>
    </div>
  </div>
  <div
    class="_PopoverItem_9483de"
    type="button"
  >
    <span
      style="opacity: 0;"
    >
      <svg
        aria-hidden="true"
        class="Icon"
        fill="none"
        height="14"
        style="color: var(--color-neutral-1);"
        viewBox="0 0 16 16"
        width="14"
      >
        <path
          d="M11.584 3.723a.5.5 0 0 1 .832.554l-5 7.5a.502.502 0 0 1-.77.077l-3-3a.5.5 0 0 1 .708-.708l2.568 2.569z"
          data-svg-property="fill"
          fill="white"
        />
      </svg>
    </span>
    <svg
      class="Icon"
      fill="none"
      height="12"
      style="color: var(--color-neutral-1);"
      viewBox="0 0 16 16"
      width="12"
      xmlns="http://www.w3.org/2000/svg"
    >
      <path
        d="M1 2H2V14H1V2ZM14 2H15V14H14V2Z"
        data-svg-property="fill"
        fill="white"
      />
      <path
        clip-rule="evenodd"
        d="M4.20697 8.5L5.85397 10.146L5.14597 10.854L2.29297 8L5.14597 5.146L5.85397 5.854L4.20697 7.5H11.793L10.146 5.854L10.854 5.146L13.707 8L10.854 10.854L10.146 10.146L11.793 8.5H4.20697Z"
        data-svg-property="fill"
        fill="white"
        fill-rule="evenodd"
      />
    </svg>
    <div
      class="_PopoverItem__row_9483de"
    >
      <span
        class="_PopoverItem__label_9483de"
      >
        Add max width…
      </span>
    </div>
  </div>
  <div
    class="_PopoverSeparator_f8884f"
  />
  <div
    class="_PopoverItem_9483de"
    type="button"
  >
    <span
      style="opacity: 0;"
    >
      <svg
        aria-hidden="true"
        class="Icon"
        fill="none"
        height="14"
        style="color: var(--color-neutral-1);"
        viewBox="0 0 16 16"
        width="14"
      >
        <path
          d="M11.584 3.723a.5.5 0 0 1 .832.554l-5 7.5a.502.502 0 0 1-.77.077l-3-3a.5.5 0 0 1 .708-.708l2.568 2.569z"
          data-svg-property="fill"
          fill="white"
        />
      </svg>
    </span>
    <svg
      class="Icon"
      height="12"
      style="color: var(--color-neutral-1);"
      viewBox="0 0 12 12"
      width="12"
      xmlns="http://www.w3.org/2000/svg"
    >
      <path
        d="m2 3.693 4-2.31 4 2.31v4.619l-4 2.31-4-2.31zM6 .23l5 2.887V8.89l-5 2.887L1 8.89V3.116zM7 6c0 .553-.448 1-1 1-.552 0-1-.447-1-1 0-.552.448-1 1-1 .552 0 1 .448 1 1"
        data-svg-property="fill"
        fill="white"
        fill-opacity="1"
        fill-rule="evenodd"
        stroke="none"
      />
    </svg>
    <div
      class="_PopoverItem__row_9483de"
    >
      <span
        class="_PopoverItem__label_9483de"
      >
        Apply variable…
      </span>
    </div>
  </div>
</DocumentFragment>
`;
