// Vitest Snapshot v1, https://vitest.dev/guide/snapshot.html

exports[`ColumnRotation snapshots > should render the rotation field and the rotate/flip buttons 1`] = `
<DocumentFragment>
  <div
    class="_SectionColumn_84b4eb _SectionColumn--with-bottom-margin_84b4eb"
    data-test-section=""
  >
    <div
      class="_SectionColumnLabels_ed28d5"
      style="width: calc(100% - 32px);"
    >
      <span
        class="_Label_f37f38 _Label--secondary_f37f38 _SectionColumnLabels__label_ed28d5"
        style="font-size: 9px;"
      >
        Rotation
      </span>
    </div>
    <div
      class="_SectionColumn__row_84b4eb"
    >
      <div
        class="_SectionColumnContent_e7fe0a _SectionColumnContent--two-inputs_e7fe0a"
        style="width: calc(100% - 32px);"
      >
        <div
          class="_TextField_bd2800"
        >
          <div
            class="_TextFieldWrapper_9a3a67 _TextFieldWrapper--filled_9a3a67"
            data-test-text-field="rotation"
          >
            <div
              class="ScrubbableInput"
            >
              <div
                class="_InputAdornment_bfc2de"
              >
                <svg
                  class="Icon"
                  data-fpl-icon-size="24"
                  fill="none"
                  height="24"
                  style="color: var(--color-neutral-2);"
                  viewBox="0 0 24 24"
                  width="24"
                >
                  <path
                    clip-rule="evenodd"
                    d="M9 8.5a.5.5 0 0 0-1 0v7a.5.5 0 0 0 .5.5h7a.5.5 0 0 0 0-1H13a4 4 0 0 0-4-4zM9 12v3h3a3 3 0 0 0-3-3"
                    data-svg-property="fill"
                    fill="white"
                    fill-rule="evenodd"
                  />
                </svg>
              </div>
            </div>
            <input
              aria-label="Rotation"
              class="_TextFieldWrapper__input_9a3a67"
              data-test-bypass-global-shortcuts="true"
              data-test-text-field-input="rotation"
              type="text"
              value="20°"
            />
            <span
              class="_TextFieldWrapper__endAdornment_9a3a67"
            />
          </div>
        </div>
        <div
          class="_ButtonGroup_f86a5c"
          data-test-button-group="rotation-options"
        >
          <button
            aria-label="Rotate 90° right"
            aria-pressed="false"
            class="_Button_b88d2e _ButtonGroup__button_f86a5c"
            data-state="closed"
            type="button"
          >
            <svg
              class="Icon"
              data-fpl-icon-size="24"
              fill="none"
              height="24"
              style="color: var(--color-neutral-1);"
              viewBox="0 0 24 24"
              width="24"
            >
              <path
                d="M11.054 9.543a1.5 1.5 0 0 1 2.007.103l3.293 3.293a1.5 1.5 0 0 1 0 2.121l-3.293 3.293a1.5 1.5 0 0 1-2.121 0L7.647 15.06a1.5 1.5 0 0 1 0-2.121l3.293-3.293zm1.3.81a.5.5 0 0 0-.707 0l-3.293 3.293a.5.5 0 0 0 0 .707l3.293 3.293a.5.5 0 0 0 .629.064l.078-.064 3.293-3.293a.5.5 0 0 0 .064-.629l-.064-.078zM9.526 5.767a3.5 3.5 0 0 1 4.949 0L16 7.292V6a.5.5 0 0 1 1 0v2.5a.5.5 0 0 1-.5.5H14a.5.5 0 0 1 0-1h1.293l-1.525-1.526a2.5 2.5 0 0 0-3.535 0l-2.38 2.379a.5.5 0 0 1-.706-.707z"
                data-svg-property="fill"
                fill="white"
              />
            </svg>
          </button>
          <button
            aria-label="Flip horizontal"
            aria-pressed="false"
            class="_Button_b88d2e _Button--disabled_b88d2e _ButtonGroup__button_f86a5c"
            data-state="closed"
            disabled=""
            type="button"
          >
            <svg
              class="Icon"
              data-fpl-icon-size="24"
              fill="none"
              height="24"
              style="color: var(--color-neutral-1);"
              viewBox="0 0 24 24"
              width="24"
            >
              <path
                clip-rule="evenodd"
                d="M12.5 6.5a.5.5 0 0 0-1 0v11a.5.5 0 0 0 1 0zM6 9.104a.75.75 0 0 1 1.28-.53L10 11.292a1 1 0 0 1 0 1.414l-2.72 2.72a.75.75 0 0 1-1.28-.53zm1 .603v4.586L9.293 12zm11-.603a.75.75 0 0 0-1.28-.53L14 11.292a1 1 0 0 0 0 1.414l2.72 2.72a.75.75 0 0 0 1.28-.53zm-1 .603v4.586L14.707 12z"
                data-svg-property="fill"
                fill="white"
                fill-rule="evenodd"
              />
            </svg>
          </button>
          <button
            aria-label="Flip vertical"
            aria-pressed="false"
            class="_Button_b88d2e _Button--disabled_b88d2e _ButtonGroup__button_f86a5c"
            data-state="closed"
            disabled=""
            type="button"
          >
            <svg
              class="Icon"
              data-fpl-icon-size="24"
              fill="none"
              height="24"
              style="color: var(--color-neutral-1);"
              viewBox="0 0 24 24"
              width="24"
            >
              <path
                clip-rule="evenodd"
                d="M17.5 12.5a.5.5 0 0 0 0-1h-11a.5.5 0 0 0 0 1zM14.896 18a.75.75 0 0 0 .53-1.28L12.708 14a1 1 0 0 0-1.414 0l-2.72 2.72a.75.75 0 0 0 .53 1.28zm-.603-1H9.707L12 14.707zm.603-11a.75.75 0 0 1 .53 1.28L12.708 10a1 1 0 0 1-1.414 0l-2.72-2.72A.75.75 0 0 1 9.103 6zm-.603 1H9.707L12 9.293z"
                data-svg-property="fill"
                fill="white"
                fill-rule="evenodd"
              />
            </svg>
          </button>
        </div>
      </div>
      <div>
        <div
          class="_SectionColumnButtonIcons_71f71e"
        />
      </div>
    </div>
  </div>
</DocumentFragment>
`;
