// Vitest Snapshot v1, https://vitest.dev/guide/snapshot.html

exports[`ButtonGroup snapshots > should render one button per entry 1`] = `
<DocumentFragment>
  <div
    class="_ButtonGroup_f86a5c"
    data-test-button-group=""
  >
    <button
      aria-label="Align left"
      aria-pressed="false"
      class="_Button_b88d2e _Button--primary_b88d2e _ButtonGroup__button_f86a5c"
      type="button"
    >
      <svg
        class="Icon"
        data-fpl-icon-size="24"
        fill="none"
        height="24"
        style="color: var(--color-neutral-1);"
        viewBox="0 0 24 24"
        width="24"
      >
        <path
          clip-rule="evenodd"
          d="M17.25 10a.75.75 0 0 0 .75-.75v-.5a.75.75 0 0 0-.75-.75h-8.5a.75.75 0 0 0-.75.75v.5c0 .414.336.75.75.75zm-4 5a.75.75 0 0 0 .75-.75v-.5a.75.75 0 0 0-.75-.75h-4.5a.75.75 0 0 0-.75.75v.5c0 .414.336.75.75.75z"
          data-svg-fill-one="fill"
          data-svg-property="fill"
          fill="white"
          fill-rule="evenodd"
        />
        <path
          d="M6 17.5a.5.5 0 0 1-1 0v-12a.5.5 0 0 1 1 0z"
          data-svg-fill-two="fill"
          data-svg-property="fill"
          fill="white"
        />
      </svg>
    </button>
    <button
      aria-label="Align center"
      aria-pressed="false"
      class="_Button_b88d2e _Button--primary_b88d2e _ButtonGroup__button_f86a5c"
      type="button"
    >
      <svg
        class="Icon"
        data-fpl-icon-size="24"
        fill="none"
        height="24"
        style="color: var(--color-neutral-1);"
        viewBox="0 0 24 24"
        width="24"
      >
        <path
          clip-rule="evenodd"
          d="M17.25 10a.75.75 0 0 0 .75-.75v-.5a.75.75 0 0 0-.75-.75h-9.5a.75.75 0 0 0-.75.75v.5c0 .414.336.75.75.75zm-2 5a.75.75 0 0 0 .75-.75v-.5a.75.75 0 0 0-.75-.75h-5.5a.75.75 0 0 0-.75.75v.5c0 .414.336.75.75.75z"
          data-svg-fill-one="fill"
          data-svg-property="fill"
          fill="white"
          fill-rule="evenodd"
        />
        <path
          clip-rule="evenodd"
          d="M13 17.5a.5.5 0 0 1-1 0V15h1zm0-4.5v-3h-1v3zm0-7.5V8h-1V5.5a.5.5 0 0 1 1 0"
          data-svg-fill-two="fill"
          data-svg-property="fill"
          fill="white"
          fill-rule="evenodd"
        />
      </svg>
    </button>
  </div>
</DocumentFragment>
`;
