// Vitest Snapshot v1, https://vitest.dev/guide/snapshot.html

exports[`SectionColumn snapshots > should render its labels and its children 1`] = `
<DocumentFragment>
  <div
    class="_SectionColumn_84b4eb"
    data-test-section=""
  >
    <div
      class="_SectionColumnLabels_ed28d5"
      style="width: calc(100% - 32px);"
    >
      <span
        class="_Label_f37f38 _Label--secondary_f37f38 _SectionColumnLabels__label_ed28d5"
        style="font-size: 9px;"
      >
        Alignment
      </span>
    </div>
    <div
      class="_SectionColumn__row_84b4eb"
    >
      <div
        class="_SectionColumnContent_e7fe0a _SectionColumnContent--single_e7fe0a"
        style="width: calc(100% - 32px);"
      >
        <span>
          body
        </span>
      </div>
      <div>
        <div
          class="_SectionColumnButtonIcons_71f71e"
        />
      </div>
    </div>
  </div>
</DocumentFragment>
`;
