// Vitest Snapshot v1, https://vitest.dev/guide/snapshot.html

exports[`Avatar snapshots > should render Avatar 1`] = `
<DocumentFragment>
  <button
    aria-expanded="false"
    aria-haspopup="dialog"
    aria-label="Account menu"
    class="_ButtonMenu_7516ba _Avatar_b0cebb"
    data-state="closed"
    type="button"
  >
    <span
      class="_Avatar__trigger_b0cebb"
      data-state="closed"
    >
      <span
        class="_AvatarBadge_0e47ca"
      >
        X
      </span>
      <div
        class="_Avatar__icon_b0cebb"
      >
        <svg
          class="Icon"
          data-fpl-icon-size="24"
          fill="none"
          height="24"
          style="color: var(--color-neutral-1);"
          viewBox="0 0 24 24"
          width="24"
        >
          <path
            clip-rule="evenodd"
            d="M9.646 11.146a.5.5 0 0 1 .708 0L12 12.793l1.646-1.647a.5.5 0 0 1 .708.708l-2 2a.5.5 0 0 1-.708 0l-2-2a.5.5 0 0 1 0-.708"
            data-svg-property="fill"
            fill="white"
            fill-rule="evenodd"
          />
        </svg>
      </div>
    </span>
  </button>
</DocumentFragment>
`;
