// Vitest Snapshot v1, https://vitest.dev/guide/snapshot.html

exports[`FrameTool snapshots > should render the Frame section with a preset accordion 1`] = `
<DocumentFragment>
  <div
    class="_Section_5940d2"
    data-test-section="frame-tool"
  >
    <div
      class="_Section__header_5940d2"
    >
      <span
        class="_Section__label_5940d2"
      >
        Frame
      </span>
    </div>
    <div
      class="_Accordion_e8254f"
      data-test-accordion="frame-tool-presets"
    >
      <div
        class="_AccordionItem_f05791"
        data-test-accordion-item=""
      >
        <button
          aria-expanded="true"
          class="_AccordionItem__header_f05791"
          type="button"
        >
          <span
            class="_AccordionItem__icon_f05791 _AccordionItem__icon--expanded_f05791"
          >
            <svg
              class="Icon"
              height="6"
              style="color: var(--color-neutral-2);"
              viewBox="0 0 6 6"
              width="6"
              xmlns="http://www.w3.org/2000/svg"
            >
              <path
                d="m3 5 3-4H0z"
                data-svg-property="fill"
                fill="white"
                fill-opacity="1"
                fill-rule="nonzero"
                stroke="none"
              />
            </svg>
          </span>
          <span
            class="_AccordionItem__label_f05791"
          >
            Phone
          </span>
        </button>
        <div
          class="_AccordionItem__content_f05791"
        >
          <button
            class="_FramePresetRow_5fab8e"
            type="button"
          >
            <span
              class="_FramePresetRow__label_5fab8e"
            >
              iPhone 17
            </span>
            <span
              class="_FramePresetRow__size_5fab8e"
            >
              402×874
            </span>
          </button>
          <button
            class="_FramePresetRow_5fab8e"
            type="button"
          >
            <span
              class="_FramePresetRow__label_5fab8e"
            >
              iPhone 16 & 17 Pro
            </span>
            <span
              class="_FramePresetRow__size_5fab8e"
            >
              402×874
            </span>
          </button>
          <button
            class="_FramePresetRow_5fab8e"
            type="button"
          >
            <span
              class="_FramePresetRow__label_5fab8e"
            >
              iPhone 16
            </span>
            <span
              class="_FramePresetRow__size_5fab8e"
            >
              393×852
            </span>
          </button>
          <button
            class="_FramePresetRow_5fab8e"
            type="button"
          >
            <span
              class="_FramePresetRow__label_5fab8e"
            >
              iPhone 16 & 17 Pro Max
            </span>
            <span
              class="_FramePresetRow__size_5fab8e"
            >
              440×956
            </span>
          </button>
          <button
            class="_FramePresetRow_5fab8e"
            type="button"
          >
            <span
              class="_FramePresetRow__label_5fab8e"
            >
              iPhone 16 Plus
            </span>
            <span
              class="_FramePresetRow__size_5fab8e"
            >
              430×932
            </span>
          </button>
          <button
            class="_FramePresetRow_5fab8e"
            type="button"
          >
            <span
              class="_FramePresetRow__label_5fab8e"
            >
              iPhone Air
            </span>
            <span
              class="_FramePresetRow__size_5fab8e"
            >
              420×912
            </span>
          </button>
          <button
            class="_FramePresetRow_5fab8e"
            type="button"
          >
            <span
              class="_FramePresetRow__label_5fab8e"
            >
              iPhone 14 & 15 Pro Max
            </span>
            <span
              class="_FramePresetRow__size_5fab8e"
            >
              430×932
            </span>
          </button>
          <button
            class="_FramePresetRow_5fab8e"
            type="button"
          >
            <span
              class="_FramePresetRow__label_5fab8e"
            >
              iPhone 14 & 15 Pro
            </span>
            <span
              class="_FramePresetRow__size_5fab8e"
            >
              393×852
            </span>
          </button>
          <button
            class="_FramePresetRow_5fab8e"
            type="button"
          >
            <span
              class="_FramePresetRow__label_5fab8e"
            >
              iPhone 13 & 14
            </span>
            <span
              class="_FramePresetRow__size_5fab8e"
            >
              390×844
            </span>
          </button>
          <button
            class="_FramePresetRow_5fab8e"
            type="button"
          >
            <span
              class="_FramePresetRow__label_5fab8e"
            >
              iPhone 14 Plus
            </span>
            <span
              class="_FramePresetRow__size_5fab8e"
            >
              428×926
            </span>
          </button>
          <button
            class="_FramePresetRow_5fab8e"
            type="button"
          >
            <span
              class="_FramePresetRow__label_5fab8e"
            >
              Android Compact
            </span>
            <span
              class="_FramePresetRow__size_5fab8e"
            >
              412×917
            </span>
          </button>
          <button
            class="_FramePresetRow_5fab8e"
            type="button"
          >
            <span
              class="_FramePresetRow__label_5fab8e"
            >
              Android Medium
            </span>
            <span
              class="_FramePresetRow__size_5fab8e"
            >
              700×840
            </span>
          </button>
        </div>
      </div>
      <div
        class="_AccordionItem_f05791"
        data-test-accordion-item=""
      >
        <button
          aria-expanded="false"
          class="_AccordionItem__header_f05791"
          type="button"
        >
          <span
            class="_AccordionItem__icon_f05791"
          >
            <svg
              class="Icon"
              height="6"
              style="color: var(--color-neutral-2);"
              viewBox="0 0 6 6"
              width="6"
              xmlns="http://www.w3.org/2000/svg"
            >
              <path
                d="m3 5 3-4H0z"
                data-svg-property="fill"
                fill="white"
                fill-opacity="1"
                fill-rule="nonzero"
                stroke="none"
              />
            </svg>
          </span>
          <span
            class="_AccordionItem__label_f05791"
          >
            Tablet
          </span>
        </button>
      </div>
      <div
        class="_AccordionItem_f05791"
        data-test-accordion-item=""
      >
        <button
          aria-expanded="false"
          class="_AccordionItem__header_f05791"
          type="button"
        >
          <span
            class="_AccordionItem__icon_f05791"
          >
            <svg
              class="Icon"
              height="6"
              style="color: var(--color-neutral-2);"
              viewBox="0 0 6 6"
              width="6"
              xmlns="http://www.w3.org/2000/svg"
            >
              <path
                d="m3 5 3-4H0z"
                data-svg-property="fill"
                fill="white"
                fill-opacity="1"
                fill-rule="nonzero"
                stroke="none"
              />
            </svg>
          </span>
          <span
            class="_AccordionItem__label_f05791"
          >
            Desktop
          </span>
        </button>
      </div>
      <div
        class="_AccordionItem_f05791"
        data-test-accordion-item=""
      >
        <button
          aria-expanded="false"
          class="_AccordionItem__header_f05791"
          type="button"
        >
          <span
            class="_AccordionItem__icon_f05791"
          >
            <svg
              class="Icon"
              height="6"
              style="color: var(--color-neutral-2);"
              viewBox="0 0 6 6"
              width="6"
              xmlns="http://www.w3.org/2000/svg"
            >
              <path
                d="m3 5 3-4H0z"
                data-svg-property="fill"
                fill="white"
                fill-opacity="1"
                fill-rule="nonzero"
                stroke="none"
              />
            </svg>
          </span>
          <span
            class="_AccordionItem__label_f05791"
          >
            Presentation
          </span>
        </button>
      </div>
      <div
        class="_AccordionItem_f05791"
        data-test-accordion-item=""
      >
        <button
          aria-expanded="false"
          class="_AccordionItem__header_f05791"
          type="button"
        >
          <span
            class="_AccordionItem__icon_f05791"
          >
            <svg
              class="Icon"
              height="6"
              style="color: var(--color-neutral-2);"
              viewBox="0 0 6 6"
              width="6"
              xmlns="http://www.w3.org/2000/svg"
            >
              <path
                d="m3 5 3-4H0z"
                data-svg-property="fill"
                fill="white"
                fill-opacity="1"
                fill-rule="nonzero"
                stroke="none"
              />
            </svg>
          </span>
          <span
            class="_AccordionItem__label_f05791"
          >
            Watch
          </span>
        </button>
      </div>
      <div
        class="_AccordionItem_f05791"
        data-test-accordion-item=""
      >
        <button
          aria-expanded="false"
          class="_AccordionItem__header_f05791"
          type="button"
        >
          <span
            class="_AccordionItem__icon_f05791"
          >
            <svg
              class="Icon"
              height="6"
              style="color: var(--color-neutral-2);"
              viewBox="0 0 6 6"
              width="6"
              xmlns="http://www.w3.org/2000/svg"
            >
              <path
                d="m3 5 3-4H0z"
                data-svg-property="fill"
                fill="white"
                fill-opacity="1"
                fill-rule="nonzero"
                stroke="none"
              />
            </svg>
          </span>
          <span
            class="_AccordionItem__label_f05791"
          >
            Paper
          </span>
        </button>
      </div>
      <div
        class="_AccordionItem_f05791"
        data-test-accordion-item=""
      >
        <button
          aria-expanded="false"
          class="_AccordionItem__header_f05791"
          type="button"
        >
          <span
            class="_AccordionItem__icon_f05791"
          >
            <svg
              class="Icon"
              height="6"
              style="color: var(--color-neutral-2);"
              viewBox="0 0 6 6"
              width="6"
              xmlns="http://www.w3.org/2000/svg"
            >
              <path
                d="m3 5 3-4H0z"
                data-svg-property="fill"
                fill="white"
                fill-opacity="1"
                fill-rule="nonzero"
                stroke="none"
              />
            </svg>
          </span>
          <span
            class="_AccordionItem__label_f05791"
          >
            Social media
          </span>
        </button>
      </div>
      <div
        class="_AccordionItem_f05791"
        data-test-accordion-item=""
      >
        <button
          aria-expanded="false"
          class="_AccordionItem__header_f05791"
          type="button"
        >
          <span
            class="_AccordionItem__icon_f05791"
          >
            <svg
              class="Icon"
              height="6"
              style="color: var(--color-neutral-2);"
              viewBox="0 0 6 6"
              width="6"
              xmlns="http://www.w3.org/2000/svg"
            >
              <path
                d="m3 5 3-4H0z"
                data-svg-property="fill"
                fill="white"
                fill-opacity="1"
                fill-rule="nonzero"
                stroke="none"
              />
            </svg>
          </span>
          <span
            class="_AccordionItem__label_f05791"
          >
            Figma Community
          </span>
        </button>
      </div>
      <div
        class="_AccordionItem_f05791"
        data-test-accordion-item=""
      >
        <button
          aria-expanded="false"
          class="_AccordionItem__header_f05791"
          type="button"
        >
          <span
            class="_AccordionItem__icon_f05791"
          >
            <svg
              class="Icon"
              height="6"
              style="color: var(--color-neutral-2);"
              viewBox="0 0 6 6"
              width="6"
              xmlns="http://www.w3.org/2000/svg"
            >
              <path
                d="m3 5 3-4H0z"
                data-svg-property="fill"
                fill="white"
                fill-opacity="1"
                fill-rule="nonzero"
                stroke="none"
              />
            </svg>
          </span>
          <span
            class="_AccordionItem__label_f05791"
          >
            Archive
          </span>
        </button>
      </div>
    </div>
  </div>
</DocumentFragment>
`;
