// Vitest Snapshot v1, https://vitest.dev/guide/snapshot.html

exports[`ImageAdjustmentSliders snapshots > should render ImageAdjustmentSliders 1`] = `
<DocumentFragment>
  <div
    class="_ImageAdjustmentSliders_8f3b7b"
  >
    <div
      class="_ImageAdjustmentSliders__row_8f3b7b"
    >
      <span
        class="_ImageAdjustmentSliders__label_8f3b7b"
      >
        Exposure
      </span>
      <div
        class="_Slider_8f9d96"
      >
        <div
          aria-label="Exposure"
          aria-valuemax="100"
          aria-valuemin="-100"
          aria-valuenow="0"
          class="_SliderTrack_5e04e4"
          data-no-drag="true"
          role="slider"
          tabindex="0"
        >
          <div
            class="_SliderTrack__rail_5e04e4"
          >
            <div
              class="_SliderTrack__fill_5e04e4"
              style="left: calc(8px + 0.5 * (100% - 16px)); right: calc(100% - calc(8px + 0.5 * (100% - 16px)));"
            />
            <div
              class="_SliderTrack__baseDot_5e04e4"
              style="left: calc(8px + 0.5 * (100% - 16px));"
            />
          </div>
          <div
            class="_SliderTrack__thumb_5e04e4"
            style="left: calc(8px + 0.5 * (100% - 16px));"
          />
        </div>
      </div>
    </div>
    <div
      class="_ImageAdjustmentSliders__row_8f3b7b"
    >
      <span
        class="_ImageAdjustmentSliders__label_8f3b7b"
      >
        Contrast
      </span>
      <div
        class="_Slider_8f9d96"
      >
        <div
          aria-label="Contrast"
          aria-valuemax="100"
          aria-valuemin="-100"
          aria-valuenow="0"
          class="_SliderTrack_5e04e4"
          data-no-drag="true"
          role="slider"
          tabindex="0"
        >
          <div
            class="_SliderTrack__rail_5e04e4"
          >
            <div
              class="_SliderTrack__fill_5e04e4"
              style="left: calc(8px + 0.5 * (100% - 16px)); right: calc(100% - calc(8px + 0.5 * (100% - 16px)));"
            />
            <div
              class="_SliderTrack__baseDot_5e04e4"
              style="left: calc(8px + 0.5 * (100% - 16px));"
            />
          </div>
          <div
            class="_SliderTrack__thumb_5e04e4"
            style="left: calc(8px + 0.5 * (100% - 16px));"
          />
        </div>
      </div>
    </div>
    <div
      class="_ImageAdjustmentSliders__row_8f3b7b"
    >
      <span
        class="_ImageAdjustmentSliders__label_8f3b7b"
      >
        Saturation
      </span>
      <div
        class="_Slider_8f9d96"
      >
        <div
          aria-label="Saturation"
          aria-valuemax="100"
          aria-valuemin="-100"
          aria-valuenow="0"
          class="_SliderTrack_5e04e4"
          data-no-drag="true"
          role="slider"
          tabindex="0"
        >
          <div
            class="_SliderTrack__rail_5e04e4"
          >
            <div
              class="_SliderTrack__fill_5e04e4"
              style="left: calc(8px + 0.5 * (100% - 16px)); right: calc(100% - calc(8px + 0.5 * (100% - 16px)));"
            />
            <div
              class="_SliderTrack__baseDot_5e04e4"
              style="left: calc(8px + 0.5 * (100% - 16px));"
            />
          </div>
          <div
            class="_SliderTrack__thumb_5e04e4"
            style="left: calc(8px + 0.5 * (100% - 16px));"
          />
        </div>
      </div>
    </div>
    <div
      class="_ImageAdjustmentSliders__row_8f3b7b"
    >
      <span
        class="_ImageAdjustmentSliders__label_8f3b7b"
      >
        Temperature
      </span>
      <div
        class="_Slider_8f9d96"
      >
        <div
          aria-label="Temperature"
          aria-valuemax="100"
          aria-valuemin="-100"
          aria-valuenow="0"
          class="_SliderTrack_5e04e4"
          data-no-drag="true"
          role="slider"
          tabindex="0"
        >
          <div
            class="_SliderTrack__rail_5e04e4"
          >
            <div
              class="_SliderTrack__fill_5e04e4"
              style="left: calc(8px + 0.5 * (100% - 16px)); right: calc(100% - calc(8px + 0.5 * (100% - 16px)));"
            />
            <div
              class="_SliderTrack__baseDot_5e04e4"
              style="left: calc(8px + 0.5 * (100% - 16px));"
            />
          </div>
          <div
            class="_SliderTrack__thumb_5e04e4"
            style="left: calc(8px + 0.5 * (100% - 16px));"
          />
        </div>
      </div>
    </div>
    <div
      class="_ImageAdjustmentSliders__row_8f3b7b"
    >
      <span
        class="_ImageAdjustmentSliders__label_8f3b7b"
      >
        Tint
      </span>
      <div
        class="_Slider_8f9d96"
      >
        <div
          aria-label="Tint"
          aria-valuemax="100"
          aria-valuemin="-100"
          aria-valuenow="0"
          class="_SliderTrack_5e04e4"
          data-no-drag="true"
          role="slider"
          tabindex="0"
        >
          <div
            class="_SliderTrack__rail_5e04e4"
          >
            <div
              class="_SliderTrack__fill_5e04e4"
              style="left: calc(8px + 0.5 * (100% - 16px)); right: calc(100% - calc(8px + 0.5 * (100% - 16px)));"
            />
            <div
              class="_SliderTrack__baseDot_5e04e4"
              style="left: calc(8px + 0.5 * (100% - 16px));"
            />
          </div>
          <div
            class="_SliderTrack__thumb_5e04e4"
            style="left: calc(8px + 0.5 * (100% - 16px));"
          />
        </div>
      </div>
    </div>
    <div
      class="_ImageAdjustmentSliders__row_8f3b7b"
    >
      <span
        class="_ImageAdjustmentSliders__label_8f3b7b"
      >
        Highlights
      </span>
      <div
        class="_Slider_8f9d96"
      >
        <div
          aria-label="Highlights"
          aria-valuemax="100"
          aria-valuemin="-100"
          aria-valuenow="0"
          class="_SliderTrack_5e04e4"
          data-no-drag="true"
          role="slider"
          tabindex="0"
        >
          <div
            class="_SliderTrack__rail_5e04e4"
          >
            <div
              class="_SliderTrack__fill_5e04e4"
              style="left: calc(8px + 0.5 * (100% - 16px)); right: calc(100% - calc(8px + 0.5 * (100% - 16px)));"
            />
            <div
              class="_SliderTrack__baseDot_5e04e4"
              style="left: calc(8px + 0.5 * (100% - 16px));"
            />
          </div>
          <div
            class="_SliderTrack__thumb_5e04e4"
            style="left: calc(8px + 0.5 * (100% - 16px));"
          />
        </div>
      </div>
    </div>
    <div
      class="_ImageAdjustmentSliders__row_8f3b7b"
    >
      <span
        class="_ImageAdjustmentSliders__label_8f3b7b"
      >
        Shadows
      </span>
      <div
        class="_Slider_8f9d96"
      >
        <div
          aria-label="Shadows"
          aria-valuemax="100"
          aria-valuemin="-100"
          aria-valuenow="0"
          class="_SliderTrack_5e04e4"
          data-no-drag="true"
          role="slider"
          tabindex="0"
        >
          <div
            class="_SliderTrack__rail_5e04e4"
          >
            <div
              class="_SliderTrack__fill_5e04e4"
              style="left: calc(8px + 0.5 * (100% - 16px)); right: calc(100% - calc(8px + 0.5 * (100% - 16px)));"
            />
            <div
              class="_SliderTrack__baseDot_5e04e4"
              style="left: calc(8px + 0.5 * (100% - 16px));"
            />
          </div>
          <div
            class="_SliderTrack__thumb_5e04e4"
            style="left: calc(8px + 0.5 * (100% - 16px));"
          />
        </div>
      </div>
    </div>
  </div>
</DocumentFragment>
`;
