// Vitest Snapshot v1, https://vitest.dev/guide/snapshot.html

exports[`Icon snapshots > should render Icon 1`] = `
<DocumentFragment>
  <svg
    class="_Icon_49a9ec"
    data-fpl-icon-size="24L"
    fill="none"
    height="16"
    style="color: var(--color-neutral-1);"
    viewBox="0 0 24 24"
    width="16"
  >
    <path
      clip-rule="evenodd"
      d="M17.354 6.646a.5.5 0 0 1 0 .708L12.707 12l4.647 4.646a.5.5 0 0 1-.708.708L12 12.707l-4.646 4.647a.5.5 0 0 1-.708-.708L11.293 12 6.646 7.354a.5.5 0 0 1 .708-.707L12 11.293l4.646-4.647a.5.5 0 0 1 .708 0"
      data-svg-property="fill"
      fill="white"
      fill-rule="evenodd"
    />
  </svg>
</DocumentFragment>
`;
