// Vitest Snapshot v1, https://vitest.dev/guide/snapshot.html

exports[`GridSettings > should match the snapshot 1`] = `
<DocumentFragment>
  <div
    class="_GridSettings_e9699a"
    data-test-grid-settings-panel=""
  >
    <div
      class="_ComponentHeader_163cd5"
      data-test-component-header="grid-settings-header"
    >
      <div
        class="_ComponentHeader__label_163cd5"
      >
        Grid
      </div>
      <div
        class="_ComponentHeader__buttons_163cd5"
      >
        <button
          aria-label="Close grid settings"
          aria-pressed="false"
          class="_ButtonIcon_2062db"
          type="button"
        >
          <svg
            class="Icon"
            data-fpl-icon-size="24L"
            fill="none"
            height="24"
            style="color: var(--color-neutral-1);"
            viewBox="0 0 24 24"
            width="24"
          >
            <path
              clip-rule="evenodd"
              d="M17.354 6.646a.5.5 0 0 1 0 .708L12.707 12l4.647 4.646a.5.5 0 0 1-.708.708L12 12.707l-4.646 4.647a.5.5 0 0 1-.708-.708L11.293 12 6.646 7.354a.5.5 0 0 1 .708-.707L12 11.293l4.646-4.647a.5.5 0 0 1 .708 0"
              data-svg-property="fill"
              fill="white"
              fill-rule="evenodd"
            />
          </svg>
        </button>
      </div>
    </div>
    <div
      class="_Section_5940d2"
      data-test-section="grid-columns"
    >
      <div
        class="_Section__header_5940d2"
      >
        <span
          class="_Section__label_5940d2"
        >
          Columns
        </span>
        <div
          class="_Section__component_5940d2"
        >
          <button
            aria-label="Add column"
            aria-pressed="false"
            class="_ButtonIcon_2062db"
            data-state="closed"
            type="button"
          >
            <svg
              class="Icon"
              data-fpl-icon-size="24"
              fill="none"
              height="24"
              style="color: var(--color-neutral-1);"
              viewBox="0 0 24 24"
              width="24"
            >
              <path
                clip-rule="evenodd"
                d="M12 6a.5.5 0 0 1 .5.5v5h5a.5.5 0 0 1 0 1h-5v5a.5.5 0 0 1-1 0v-5h-5a.5.5 0 0 1 0-1h5v-5A.5.5 0 0 1 12 6"
                data-svg-property="fill"
                fill="white"
                fill-rule="evenodd"
              />
            </svg>
          </button>
        </div>
      </div>
      <div
        class="_GridTrackList_23ffb1"
      >
        <div
          class="_GridTrackRow_bdfaf0 _GridTrackRow--selected_bdfaf0"
          data-test-grid-track-row="0"
        >
          <button
            aria-label="Reorder track"
            class="_GridTrackHandle_87f24b _GridTrackHandle--selected_87f24b"
            type="button"
          >
            <span
              class="_GridTrackHandle__number_87f24b"
            >
              1
            </span>
            <svg
              class="Icon _GridTrackHandle__grabber_87f24b"
              fill="none"
              height="8"
              style="color: var(--color-neutral-2);"
              viewBox="0 0 6 7"
              width="8"
              xmlns="http://www.w3.org/2000/svg"
            >
              <path
                clip-rule="evenodd"
                d="M0 0H6V1H0V0ZM0 3H6V4H0V3ZM0 6H6V7H0V6Z"
                data-svg-property="fill"
                fill="white"
                fill-rule="evenodd"
              />
            </svg>
          </button>
          <span
            style="display: contents;"
          >
            <button
              aria-expanded="false"
              aria-haspopup="dialog"
              class="_Dropdown_cc217a _Dropdown--outline_cc217a _GridTrackRow__mode_bdfaf0"
              data-state="closed"
              type="button"
            >
              <span
                class="_Dropdown__label_cc217a"
              >
                Fill
              </span>
              <svg
                class="Icon"
                data-fpl-icon-size="24"
                fill="none"
                height="24"
                style="color: var(--color-neutral-1);"
                viewBox="0 0 24 24"
                width="24"
              >
                <path
                  clip-rule="evenodd"
                  d="M9.646 11.146a.5.5 0 0 1 .708 0L12 12.793l1.646-1.647a.5.5 0 0 1 .708.708l-2 2a.5.5 0 0 1-.708 0l-2-2a.5.5 0 0 1 0-.708"
                  data-svg-property="fill"
                  fill="white"
                  fill-rule="evenodd"
                />
              </svg>
            </button>
          </span>
          <span
            style="display: contents;"
          >
            <div
              class="_TextField_bd2800 _GridTrackRow__value_bdfaf0"
            >
              <div
                class="_TextFieldWrapper_9a3a67 _TextFieldWrapper--filled_9a3a67"
                data-test-text-field="grid-track-value-0"
              >
                <input
                  aria-label="Track size value"
                  class="_TextFieldWrapper__input_9a3a67"
                  data-test-text-field-input="grid-track-value-0"
                  type="text"
                  value="1fr"
                />
                <span
                  class="_TextFieldWrapper__endAdornment_9a3a67"
                >
                  <button
                    aria-expanded="false"
                    aria-haspopup="dialog"
                    aria-label="Fill weight presets"
                    class="_ButtonMenu_7516ba"
                    data-state="closed"
                    type="button"
                  >
                    <svg
                      class="Icon"
                      data-fpl-icon-size="24"
                      fill="none"
                      height="24"
                      style="color: var(--color-neutral-1);"
                      viewBox="0 0 24 24"
                      width="24"
                    >
                      <path
                        clip-rule="evenodd"
                        d="M9.646 11.146a.5.5 0 0 1 .708 0L12 12.793l1.646-1.647a.5.5 0 0 1 .708.708l-2 2a.5.5 0 0 1-.708 0l-2-2a.5.5 0 0 1 0-.708"
                        data-svg-property="fill"
                        fill="white"
                        fill-rule="evenodd"
                      />
                    </svg>
                  </button>
                </span>
              </div>
            </div>
          </span>
          <button
            aria-label="Delete selected tracks"
            aria-pressed="false"
            class="_ButtonIcon_2062db _GridTrackRow__delete_bdfaf0"
            data-state="closed"
            type="button"
          >
            <svg
              class="Icon"
              data-fpl-icon-size="24L"
              fill="none"
              height="24"
              style="color: var(--color-neutral-1);"
              viewBox="0 0 24 24"
              width="24"
            >
              <path
                clip-rule="evenodd"
                d="M6 12a.5.5 0 0 1 .5-.5h11a.5.5 0 0 1 0 1h-11A.5.5 0 0 1 6 12"
                data-svg-property="fill"
                fill="white"
                fill-rule="evenodd"
              />
            </svg>
          </button>
        </div>
        <div
          class="_GridTrackRow_bdfaf0"
          data-test-grid-track-row="1"
        >
          <button
            aria-label="Reorder track"
            class="_GridTrackHandle_87f24b"
            type="button"
          >
            <span
              class="_GridTrackHandle__number_87f24b"
            >
              2
            </span>
            <svg
              class="Icon _GridTrackHandle__grabber_87f24b"
              fill="none"
              height="8"
              style="color: var(--color-neutral-2);"
              viewBox="0 0 6 7"
              width="8"
              xmlns="http://www.w3.org/2000/svg"
            >
              <path
                clip-rule="evenodd"
                d="M0 0H6V1H0V0ZM0 3H6V4H0V3ZM0 6H6V7H0V6Z"
                data-svg-property="fill"
                fill="white"
                fill-rule="evenodd"
              />
            </svg>
          </button>
          <span
            style="display: contents;"
          >
            <button
              aria-expanded="false"
              aria-haspopup="dialog"
              class="_Dropdown_cc217a _Dropdown--outline_cc217a _GridTrackRow__mode_bdfaf0"
              data-state="closed"
              type="button"
            >
              <span
                class="_Dropdown__label_cc217a"
              >
                Fill
              </span>
              <svg
                class="Icon"
                data-fpl-icon-size="24"
                fill="none"
                height="24"
                style="color: var(--color-neutral-1);"
                viewBox="0 0 24 24"
                width="24"
              >
                <path
                  clip-rule="evenodd"
                  d="M9.646 11.146a.5.5 0 0 1 .708 0L12 12.793l1.646-1.647a.5.5 0 0 1 .708.708l-2 2a.5.5 0 0 1-.708 0l-2-2a.5.5 0 0 1 0-.708"
                  data-svg-property="fill"
                  fill="white"
                  fill-rule="evenodd"
                />
              </svg>
            </button>
          </span>
          <span
            style="display: contents;"
          >
            <div
              class="_TextField_bd2800 _GridTrackRow__value_bdfaf0"
            >
              <div
                class="_TextFieldWrapper_9a3a67 _TextFieldWrapper--filled_9a3a67"
                data-test-text-field="grid-track-value-1"
              >
                <input
                  aria-label="Track size value"
                  class="_TextFieldWrapper__input_9a3a67"
                  data-test-text-field-input="grid-track-value-1"
                  type="text"
                  value="1fr"
                />
                <span
                  class="_TextFieldWrapper__endAdornment_9a3a67"
                >
                  <button
                    aria-expanded="false"
                    aria-haspopup="dialog"
                    aria-label="Fill weight presets"
                    class="_ButtonMenu_7516ba"
                    data-state="closed"
                    type="button"
                  >
                    <svg
                      class="Icon"
                      data-fpl-icon-size="24"
                      fill="none"
                      height="24"
                      style="color: var(--color-neutral-1);"
                      viewBox="0 0 24 24"
                      width="24"
                    >
                      <path
                        clip-rule="evenodd"
                        d="M9.646 11.146a.5.5 0 0 1 .708 0L12 12.793l1.646-1.647a.5.5 0 0 1 .708.708l-2 2a.5.5 0 0 1-.708 0l-2-2a.5.5 0 0 1 0-.708"
                        data-svg-property="fill"
                        fill="white"
                        fill-rule="evenodd"
                      />
                    </svg>
                  </button>
                </span>
              </div>
            </div>
          </span>
          <button
            aria-label="Delete selected tracks"
            aria-pressed="false"
            class="_ButtonIcon_2062db _GridTrackRow__delete_bdfaf0"
            data-state="closed"
            type="button"
          >
            <svg
              class="Icon"
              data-fpl-icon-size="24L"
              fill="none"
              height="24"
              style="color: var(--color-neutral-1);"
              viewBox="0 0 24 24"
              width="24"
            >
              <path
                clip-rule="evenodd"
                d="M6 12a.5.5 0 0 1 .5-.5h11a.5.5 0 0 1 0 1h-11A.5.5 0 0 1 6 12"
                data-svg-property="fill"
                fill="white"
                fill-rule="evenodd"
              />
            </svg>
          </button>
        </div>
        <div
          class="_GridTrackRow_bdfaf0"
          data-test-grid-track-row="2"
        >
          <button
            aria-label="Reorder track"
            class="_GridTrackHandle_87f24b"
            type="button"
          >
            <span
              class="_GridTrackHandle__number_87f24b"
            >
              3
            </span>
            <svg
              class="Icon _GridTrackHandle__grabber_87f24b"
              fill="none"
              height="8"
              style="color: var(--color-neutral-2);"
              viewBox="0 0 6 7"
              width="8"
              xmlns="http://www.w3.org/2000/svg"
            >
              <path
                clip-rule="evenodd"
                d="M0 0H6V1H0V0ZM0 3H6V4H0V3ZM0 6H6V7H0V6Z"
                data-svg-property="fill"
                fill="white"
                fill-rule="evenodd"
              />
            </svg>
          </button>
          <span
            style="display: contents;"
          >
            <button
              aria-expanded="false"
              aria-haspopup="dialog"
              class="_Dropdown_cc217a _Dropdown--outline_cc217a _GridTrackRow__mode_bdfaf0"
              data-state="closed"
              type="button"
            >
              <span
                class="_Dropdown__label_cc217a"
              >
                Fill
              </span>
              <svg
                class="Icon"
                data-fpl-icon-size="24"
                fill="none"
                height="24"
                style="color: var(--color-neutral-1);"
                viewBox="0 0 24 24"
                width="24"
              >
                <path
                  clip-rule="evenodd"
                  d="M9.646 11.146a.5.5 0 0 1 .708 0L12 12.793l1.646-1.647a.5.5 0 0 1 .708.708l-2 2a.5.5 0 0 1-.708 0l-2-2a.5.5 0 0 1 0-.708"
                  data-svg-property="fill"
                  fill="white"
                  fill-rule="evenodd"
                />
              </svg>
            </button>
          </span>
          <span
            style="display: contents;"
          >
            <div
              class="_TextField_bd2800 _GridTrackRow__value_bdfaf0"
            >
              <div
                class="_TextFieldWrapper_9a3a67 _TextFieldWrapper--filled_9a3a67"
                data-test-text-field="grid-track-value-2"
              >
                <input
                  aria-label="Track size value"
                  class="_TextFieldWrapper__input_9a3a67"
                  data-test-text-field-input="grid-track-value-2"
                  type="text"
                  value="1fr"
                />
                <span
                  class="_TextFieldWrapper__endAdornment_9a3a67"
                >
                  <button
                    aria-expanded="false"
                    aria-haspopup="dialog"
                    aria-label="Fill weight presets"
                    class="_ButtonMenu_7516ba"
                    data-state="closed"
                    type="button"
                  >
                    <svg
                      class="Icon"
                      data-fpl-icon-size="24"
                      fill="none"
                      height="24"
                      style="color: var(--color-neutral-1);"
                      viewBox="0 0 24 24"
                      width="24"
                    >
                      <path
                        clip-rule="evenodd"
                        d="M9.646 11.146a.5.5 0 0 1 .708 0L12 12.793l1.646-1.647a.5.5 0 0 1 .708.708l-2 2a.5.5 0 0 1-.708 0l-2-2a.5.5 0 0 1 0-.708"
                        data-svg-property="fill"
                        fill="white"
                        fill-rule="evenodd"
                      />
                    </svg>
                  </button>
                </span>
              </div>
            </div>
          </span>
          <button
            aria-label="Delete selected tracks"
            aria-pressed="false"
            class="_ButtonIcon_2062db _GridTrackRow__delete_bdfaf0"
            data-state="closed"
            type="button"
          >
            <svg
              class="Icon"
              data-fpl-icon-size="24L"
              fill="none"
              height="24"
              style="color: var(--color-neutral-1);"
              viewBox="0 0 24 24"
              width="24"
            >
              <path
                clip-rule="evenodd"
                d="M6 12a.5.5 0 0 1 .5-.5h11a.5.5 0 0 1 0 1h-11A.5.5 0 0 1 6 12"
                data-svg-property="fill"
                fill="white"
                fill-rule="evenodd"
              />
            </svg>
          </button>
        </div>
      </div>
    </div>
    <div
      class="_Section_5940d2"
      data-test-section="grid-rows"
    >
      <div
        class="_Section__header_5940d2"
      >
        <span
          class="_Section__label_5940d2"
        >
          Rows
        </span>
        <div
          class="_Section__component_5940d2"
        >
          <button
            aria-label="Add row"
            aria-pressed="false"
            class="_ButtonIcon_2062db"
            data-state="closed"
            type="button"
          >
            <svg
              class="Icon"
              data-fpl-icon-size="24"
              fill="none"
              height="24"
              style="color: var(--color-neutral-1);"
              viewBox="0 0 24 24"
              width="24"
            >
              <path
                clip-rule="evenodd"
                d="M12 6a.5.5 0 0 1 .5.5v5h5a.5.5 0 0 1 0 1h-5v5a.5.5 0 0 1-1 0v-5h-5a.5.5 0 0 1 0-1h5v-5A.5.5 0 0 1 12 6"
                data-svg-property="fill"
                fill="white"
                fill-rule="evenodd"
              />
            </svg>
          </button>
        </div>
      </div>
      <div
        class="_GridTrackList_23ffb1"
      >
        <div
          class="_GridTrackRow_bdfaf0"
          data-test-grid-track-row="0"
        >
          <button
            aria-label="Reorder track"
            class="_GridTrackHandle_87f24b"
            type="button"
          >
            <span
              class="_GridTrackHandle__number_87f24b"
            >
              1
            </span>
            <svg
              class="Icon _GridTrackHandle__grabber_87f24b"
              fill="none"
              height="8"
              style="color: var(--color-neutral-2);"
              viewBox="0 0 6 7"
              width="8"
              xmlns="http://www.w3.org/2000/svg"
            >
              <path
                clip-rule="evenodd"
                d="M0 0H6V1H0V0ZM0 3H6V4H0V3ZM0 6H6V7H0V6Z"
                data-svg-property="fill"
                fill="white"
                fill-rule="evenodd"
              />
            </svg>
          </button>
          <span
            style="display: contents;"
          >
            <button
              aria-expanded="false"
              aria-haspopup="dialog"
              class="_Dropdown_cc217a _Dropdown--outline_cc217a _GridTrackRow__mode_bdfaf0"
              data-state="closed"
              type="button"
            >
              <span
                class="_Dropdown__label_cc217a"
              >
                Fill
              </span>
              <svg
                class="Icon"
                data-fpl-icon-size="24"
                fill="none"
                height="24"
                style="color: var(--color-neutral-1);"
                viewBox="0 0 24 24"
                width="24"
              >
                <path
                  clip-rule="evenodd"
                  d="M9.646 11.146a.5.5 0 0 1 .708 0L12 12.793l1.646-1.647a.5.5 0 0 1 .708.708l-2 2a.5.5 0 0 1-.708 0l-2-2a.5.5 0 0 1 0-.708"
                  data-svg-property="fill"
                  fill="white"
                  fill-rule="evenodd"
                />
              </svg>
            </button>
          </span>
          <span
            style="display: contents;"
          >
            <div
              class="_TextField_bd2800 _GridTrackRow__value_bdfaf0"
            >
              <div
                class="_TextFieldWrapper_9a3a67 _TextFieldWrapper--filled_9a3a67"
                data-test-text-field="grid-track-value-0"
              >
                <input
                  aria-label="Track size value"
                  class="_TextFieldWrapper__input_9a3a67"
                  data-test-text-field-input="grid-track-value-0"
                  type="text"
                  value="1fr"
                />
                <span
                  class="_TextFieldWrapper__endAdornment_9a3a67"
                >
                  <button
                    aria-expanded="false"
                    aria-haspopup="dialog"
                    aria-label="Fill weight presets"
                    class="_ButtonMenu_7516ba"
                    data-state="closed"
                    type="button"
                  >
                    <svg
                      class="Icon"
                      data-fpl-icon-size="24"
                      fill="none"
                      height="24"
                      style="color: var(--color-neutral-1);"
                      viewBox="0 0 24 24"
                      width="24"
                    >
                      <path
                        clip-rule="evenodd"
                        d="M9.646 11.146a.5.5 0 0 1 .708 0L12 12.793l1.646-1.647a.5.5 0 0 1 .708.708l-2 2a.5.5 0 0 1-.708 0l-2-2a.5.5 0 0 1 0-.708"
                        data-svg-property="fill"
                        fill="white"
                        fill-rule="evenodd"
                      />
                    </svg>
                  </button>
                </span>
              </div>
            </div>
          </span>
          <button
            aria-label="Delete selected tracks"
            aria-pressed="false"
            class="_ButtonIcon_2062db _GridTrackRow__delete_bdfaf0"
            data-state="closed"
            type="button"
          >
            <svg
              class="Icon"
              data-fpl-icon-size="24L"
              fill="none"
              height="24"
              style="color: var(--color-neutral-1);"
              viewBox="0 0 24 24"
              width="24"
            >
              <path
                clip-rule="evenodd"
                d="M6 12a.5.5 0 0 1 .5-.5h11a.5.5 0 0 1 0 1h-11A.5.5 0 0 1 6 12"
                data-svg-property="fill"
                fill="white"
                fill-rule="evenodd"
              />
            </svg>
          </button>
        </div>
        <div
          class="_GridTrackRow_bdfaf0"
          data-test-grid-track-row="1"
        >
          <button
            aria-label="Reorder track"
            class="_GridTrackHandle_87f24b"
            type="button"
          >
            <span
              class="_GridTrackHandle__number_87f24b"
            >
              2
            </span>
            <svg
              class="Icon _GridTrackHandle__grabber_87f24b"
              fill="none"
              height="8"
              style="color: var(--color-neutral-2);"
              viewBox="0 0 6 7"
              width="8"
              xmlns="http://www.w3.org/2000/svg"
            >
              <path
                clip-rule="evenodd"
                d="M0 0H6V1H0V0ZM0 3H6V4H0V3ZM0 6H6V7H0V6Z"
                data-svg-property="fill"
                fill="white"
                fill-rule="evenodd"
              />
            </svg>
          </button>
          <span
            style="display: contents;"
          >
            <button
              aria-expanded="false"
              aria-haspopup="dialog"
              class="_Dropdown_cc217a _Dropdown--outline_cc217a _GridTrackRow__mode_bdfaf0"
              data-state="closed"
              type="button"
            >
              <span
                class="_Dropdown__label_cc217a"
              >
                Fill
              </span>
              <svg
                class="Icon"
                data-fpl-icon-size="24"
                fill="none"
                height="24"
                style="color: var(--color-neutral-1);"
                viewBox="0 0 24 24"
                width="24"
              >
                <path
                  clip-rule="evenodd"
                  d="M9.646 11.146a.5.5 0 0 1 .708 0L12 12.793l1.646-1.647a.5.5 0 0 1 .708.708l-2 2a.5.5 0 0 1-.708 0l-2-2a.5.5 0 0 1 0-.708"
                  data-svg-property="fill"
                  fill="white"
                  fill-rule="evenodd"
                />
              </svg>
            </button>
          </span>
          <span
            style="display: contents;"
          >
            <div
              class="_TextField_bd2800 _GridTrackRow__value_bdfaf0"
            >
              <div
                class="_TextFieldWrapper_9a3a67 _TextFieldWrapper--filled_9a3a67"
                data-test-text-field="grid-track-value-1"
              >
                <input
                  aria-label="Track size value"
                  class="_TextFieldWrapper__input_9a3a67"
                  data-test-text-field-input="grid-track-value-1"
                  type="text"
                  value="1fr"
                />
                <span
                  class="_TextFieldWrapper__endAdornment_9a3a67"
                >
                  <button
                    aria-expanded="false"
                    aria-haspopup="dialog"
                    aria-label="Fill weight presets"
                    class="_ButtonMenu_7516ba"
                    data-state="closed"
                    type="button"
                  >
                    <svg
                      class="Icon"
                      data-fpl-icon-size="24"
                      fill="none"
                      height="24"
                      style="color: var(--color-neutral-1);"
                      viewBox="0 0 24 24"
                      width="24"
                    >
                      <path
                        clip-rule="evenodd"
                        d="M9.646 11.146a.5.5 0 0 1 .708 0L12 12.793l1.646-1.647a.5.5 0 0 1 .708.708l-2 2a.5.5 0 0 1-.708 0l-2-2a.5.5 0 0 1 0-.708"
                        data-svg-property="fill"
                        fill="white"
                        fill-rule="evenodd"
                      />
                    </svg>
                  </button>
                </span>
              </div>
            </div>
          </span>
          <button
            aria-label="Delete selected tracks"
            aria-pressed="false"
            class="_ButtonIcon_2062db _GridTrackRow__delete_bdfaf0"
            data-state="closed"
            type="button"
          >
            <svg
              class="Icon"
              data-fpl-icon-size="24L"
              fill="none"
              height="24"
              style="color: var(--color-neutral-1);"
              viewBox="0 0 24 24"
              width="24"
            >
              <path
                clip-rule="evenodd"
                d="M6 12a.5.5 0 0 1 .5-.5h11a.5.5 0 0 1 0 1h-11A.5.5 0 0 1 6 12"
                data-svg-property="fill"
                fill="white"
                fill-rule="evenodd"
              />
            </svg>
          </button>
        </div>
      </div>
    </div>
  </div>
</DocumentFragment>
`;
