// Vitest Snapshot v1, https://vitest.dev/guide/snapshot.html

exports[`GradientPanel snapshots > should render the default two-stop gradient 1`] = `
<DocumentFragment>
  <div
    class="_GradientPanel_09f91e"
  >
    <div
      class="_GradientActions_249cd4"
    >
      <button
        aria-expanded="false"
        aria-haspopup="dialog"
        class="_Dropdown_cc217a _Dropdown--outline_cc217a _GradientActions__type-dropdown_249cd4"
        data-state="closed"
        data-test-bypass-global-shortcuts="true"
        type="button"
      >
        <span
          class="_Dropdown__label_cc217a"
        >
          Linear
        </span>
        <svg
          class="Icon"
          data-fpl-icon-size="16"
          fill="none"
          height="12"
          style="color: var(--color-neutral-1);"
          viewBox="0 0 16 16"
          width="12"
        >
          <path
            d="M9.768 6.768a.5.5 0 0 1 .707.707l-2.12 2.121a.5.5 0 0 1-.708 0L5.525 7.475a.5.5 0 0 1 .708-.707l1.768 1.767z"
            data-svg-property="fill"
            fill="white"
          />
        </svg>
      </button>
      <div
        class="_GradientActions__buttons_249cd4"
      >
        <button
          aria-label="Flip gradient"
          aria-pressed="false"
          class="_Button_b88d2e"
          data-state="closed"
          style="padding: 0px;"
          type="button"
        >
          <svg
            class="Icon"
            fill="none"
            height="24"
            style="color: var(--color-neutral-1);"
            viewBox="0 0 24 24"
            width="24"
            xmlns="http://www.w3.org/2000/svg"
          >
            <path
              clip-rule="evenodd"
              d="M14.647 12.646a.5.5 0 0 1 .707 0l2.5 2.5a.5.5 0 0 1 0 .707l-2.5 2.5a.5.5 0 0 1-.707-.707L16.293 16H6.5a.5.5 0 0 1 0-1h9.793l-1.646-1.646a.5.5 0 0 1 0-.708m-6-7a.5.5 0 1 1 .707.707L7.707 8H17.5a.5.5 0 0 1 0 1H7.707l1.647 1.646a.5.5 0 0 1-.708.707l-2.5-2.5a.5.5 0 0 1 0-.707z"
              data-svg-property="fill"
              fill="white"
              fill-rule="evenodd"
            />
          </svg>
        </button>
        <button
          aria-label="Rotate gradient"
          aria-pressed="false"
          class="_Button_b88d2e"
          data-state="closed"
          style="padding: 0px;"
          type="button"
        >
          <svg
            class="Icon"
            data-fpl-icon-size="24"
            fill="none"
            height="24"
            style="color: var(--color-neutral-1);"
            viewBox="0 0 24 24"
            width="24"
          >
            <path
              d="M11.054 9.543a1.5 1.5 0 0 1 2.007.103l3.293 3.293a1.5 1.5 0 0 1 0 2.121l-3.293 3.293a1.5 1.5 0 0 1-2.121 0L7.647 15.06a1.5 1.5 0 0 1 0-2.121l3.293-3.293zm1.3.81a.5.5 0 0 0-.707 0l-3.293 3.293a.5.5 0 0 0 0 .707l3.293 3.293a.5.5 0 0 0 .629.064l.078-.064 3.293-3.293a.5.5 0 0 0 .064-.629l-.064-.078zM9.526 5.767a3.5 3.5 0 0 1 4.949 0L16 7.292V6a.5.5 0 0 1 1 0v2.5a.5.5 0 0 1-.5.5H14a.5.5 0 0 1 0-1h1.293l-1.525-1.526a2.5 2.5 0 0 0-3.535 0l-2.38 2.379a.5.5 0 0 1-.706-.707z"
              data-svg-property="fill"
              fill="white"
            />
          </svg>
        </button>
      </div>
    </div>
    <div
      class="_GradientBar_97e637"
    >
      <div
        class="_GradientBar__wrapper_97e637"
        data-no-drag="true"
      >
        <div
          class="_GradientBar__gradient_97e637"
          style="background-image: linear-gradient(to right, rgb(217, 217, 217) 0%, rgb(115, 115, 115) 100%);"
        />
        <button
          aria-label="Stop marker"
          class="_GradientBar__thumb_97e637"
          style="left: 0%;"
          type="button"
        >
          <span
            class="_GradientBar__thumb-color_97e637"
            style="background-color: rgb(217, 217, 217);"
          />
        </button>
        <button
          aria-label="Stop marker"
          class="_GradientBar__thumb_97e637"
          style="left: 100%;"
          type="button"
        >
          <span
            class="_GradientBar__thumb-color_97e637"
            style="background-color: rgb(115, 115, 115);"
          />
        </button>
      </div>
    </div>
    <div
      class="_StopsList_d710fb"
    >
      <div
        class="_StopsList__header_d710fb"
      >
        <span>
          Stops
        </span>
        <button
          aria-label="Add stop"
          aria-pressed="false"
          class="_Button_b88d2e"
          data-state="closed"
          style="padding: 0px;"
          type="button"
        >
          <svg
            class="Icon"
            data-fpl-icon-size="24"
            fill="none"
            height="24"
            style="color: var(--color-neutral-1);"
            viewBox="0 0 24 24"
            width="24"
          >
            <path
              clip-rule="evenodd"
              d="M12 6a.5.5 0 0 1 .5.5v5h5a.5.5 0 0 1 0 1h-5v5a.5.5 0 0 1-1 0v-5h-5a.5.5 0 0 1 0-1h5v-5A.5.5 0 0 1 12 6"
              data-svg-property="fill"
              fill="white"
              fill-rule="evenodd"
            />
          </svg>
        </button>
      </div>
      <div
        class="_StopRow_209440"
        data-no-drag="true"
      >
        <div
          class="_PositionField_a6e1e5"
          data-test-bypass-global-shortcuts="true"
        >
          <input
            aria-label="Stop position"
            class="_PositionField__input_a6e1e5"
            type="text"
            value="0%"
          />
        </div>
        <div
          class="_ColorPickerInput_2cba41"
        >
          <div
            class="_FieldGroup_6b82ec _ColorPickerInput__fields_2cba41"
          >
            <div
              class="_TextFieldWrapper_9a3a67 _TextFieldWrapper--filled_9a3a67"
              data-test-text-field="-color"
            >
              <button
                aria-label="Stop color"
                class="_ColorPickerInput__trigger_2cba41"
                type="button"
              >
                <div
                  class="_Color_a21594 _Color--cursor-default_a21594"
                >
                  <div
                    class="_Color__picker_a21594"
                    style="background-color: rgb(217, 217, 217);"
                  />
                  <div
                    class="_Color__picker-alpha_a21594"
                    style="--color-alpha-preview: rgba(217, 217, 217, 1);"
                  />
                </div>
              </button>
              <input
                class="_TextFieldWrapper__input_9a3a67"
                data-test-bypass-global-shortcuts="true"
                data-test-text-field-input="-color"
                maxlength="6"
                value="d9d9d9"
              />
              <span
                class="_TextFieldWrapper__endAdornment_9a3a67"
              />
            </div>
            <div
              class="_TextFieldWrapper_9a3a67 _TextFieldWrapper--filled_9a3a67 _ColorPickerInput__alpha_2cba41"
              data-test-text-field="-alpha"
            >
              <input
                class="_TextFieldWrapper__input_9a3a67"
                data-test-bypass-global-shortcuts="true"
                data-test-text-field-input="-alpha"
                max="100"
                min="0"
                type="number"
                value="100"
              />
              <span
                class="_TextFieldWrapper__endAdornment_9a3a67"
              >
                <div
                  class="ScrubbableInput"
                >
                  <span
                    class="_ColorPickerInput__unit_2cba41"
                  >
                    %
                  </span>
                </div>
              </span>
            </div>
          </div>
        </div>
        <button
          aria-label="Remove stop"
          aria-pressed="false"
          class="_Button_b88d2e _Button--disabled_b88d2e _StopRow__remove_209440"
          data-state="closed"
          disabled=""
          style="padding: 0px;"
          type="button"
        >
          <svg
            class="Icon"
            data-fpl-icon-size="24L"
            fill="none"
            height="24"
            style="color: var(--color-neutral-1);"
            viewBox="0 0 24 24"
            width="24"
          >
            <path
              clip-rule="evenodd"
              d="M6 12a.5.5 0 0 1 .5-.5h11a.5.5 0 0 1 0 1h-11A.5.5 0 0 1 6 12"
              data-svg-property="fill"
              fill="white"
              fill-rule="evenodd"
            />
          </svg>
        </button>
      </div>
      <div
        class="_StopRow_209440"
        data-no-drag="true"
      >
        <div
          class="_PositionField_a6e1e5"
          data-test-bypass-global-shortcuts="true"
        >
          <input
            aria-label="Stop position"
            class="_PositionField__input_a6e1e5"
            type="text"
            value="100%"
          />
        </div>
        <div
          class="_ColorPickerInput_2cba41"
        >
          <div
            class="_FieldGroup_6b82ec _ColorPickerInput__fields_2cba41"
          >
            <div
              class="_TextFieldWrapper_9a3a67 _TextFieldWrapper--filled_9a3a67"
              data-test-text-field="-color"
            >
              <button
                aria-label="Stop color"
                class="_ColorPickerInput__trigger_2cba41"
                type="button"
              >
                <div
                  class="_Color_a21594 _Color--cursor-default_a21594"
                >
                  <div
                    class="_Color__picker_a21594"
                    style="background-color: rgb(115, 115, 115);"
                  />
                  <div
                    class="_Color__picker-alpha_a21594"
                    style="--color-alpha-preview: rgba(115, 115, 115, 1);"
                  />
                </div>
              </button>
              <input
                class="_TextFieldWrapper__input_9a3a67"
                data-test-bypass-global-shortcuts="true"
                data-test-text-field-input="-color"
                maxlength="6"
                value="737373"
              />
              <span
                class="_TextFieldWrapper__endAdornment_9a3a67"
              />
            </div>
            <div
              class="_TextFieldWrapper_9a3a67 _TextFieldWrapper--filled_9a3a67 _ColorPickerInput__alpha_2cba41"
              data-test-text-field="-alpha"
            >
              <input
                class="_TextFieldWrapper__input_9a3a67"
                data-test-bypass-global-shortcuts="true"
                data-test-text-field-input="-alpha"
                max="100"
                min="0"
                type="number"
                value="100"
              />
              <span
                class="_TextFieldWrapper__endAdornment_9a3a67"
              >
                <div
                  class="ScrubbableInput"
                >
                  <span
                    class="_ColorPickerInput__unit_2cba41"
                  >
                    %
                  </span>
                </div>
              </span>
            </div>
          </div>
        </div>
        <button
          aria-label="Remove stop"
          aria-pressed="false"
          class="_Button_b88d2e _Button--disabled_b88d2e _StopRow__remove_209440"
          data-state="closed"
          disabled=""
          style="padding: 0px;"
          type="button"
        >
          <svg
            class="Icon"
            data-fpl-icon-size="24L"
            fill="none"
            height="24"
            style="color: var(--color-neutral-1);"
            viewBox="0 0 24 24"
            width="24"
          >
            <path
              clip-rule="evenodd"
              d="M6 12a.5.5 0 0 1 .5-.5h11a.5.5 0 0 1 0 1h-11A.5.5 0 0 1 6 12"
              data-svg-property="fill"
              fill="white"
              fill-rule="evenodd"
            />
          </svg>
        </button>
      </div>
    </div>
  </div>
</DocumentFragment>
`;
