// Vitest Snapshot v1, https://vitest.dev/guide/snapshot.html

exports[`DropdownPanel snapshots > should render DropdownPanel with one item per option 1`] = `
<DocumentFragment>
  <div
    class="_DropdownPanel_30c019"
  >
    <div
      class="_DropdownOption_9e011d _DropdownOption--highlighted_9e011d"
      type="button"
    >
      <span
        class="_DropdownOption__check_9e011d"
        style="opacity: 1;"
      >
        <svg
          aria-hidden="true"
          class="Icon"
          fill="none"
          height="12"
          style="color: var(--color-neutral-1);"
          viewBox="0 0 16 16"
          width="12"
        >
          <path
            d="M11.584 3.723a.5.5 0 0 1 .832.554l-5 7.5a.502.502 0 0 1-.77.077l-3-3a.5.5 0 0 1 .708-.708l2.568 2.569z"
            data-svg-property="fill"
            fill="white"
          />
        </svg>
      </span>
      <span
        class="_DropdownOption__label_9e011d"
      >
        Hex
      </span>
    </div>
    <div
      class="_DropdownOption_9e011d"
      type="button"
    >
      <span
        class="_DropdownOption__check_9e011d"
        style="opacity: 0;"
      >
        <svg
          aria-hidden="true"
          class="Icon"
          fill="none"
          height="12"
          style="color: var(--color-neutral-1);"
          viewBox="0 0 16 16"
          width="12"
        >
          <path
            d="M11.584 3.723a.5.5 0 0 1 .832.554l-5 7.5a.502.502 0 0 1-.77.077l-3-3a.5.5 0 0 1 .708-.708l2.568 2.569z"
            data-svg-property="fill"
            fill="white"
          />
        </svg>
      </span>
      <span
        class="_DropdownOption__label_9e011d"
      >
        RGB
      </span>
    </div>
  </div>
</DocumentFragment>
`;
