// Vitest Snapshot v1, https://vitest.dev/guide/snapshot.html

exports[`Toolbar snapshots > should render Toolbar 1`] = `
<DocumentFragment>
  <div
    class="_Toolbar_0b5712"
  >
    <div
      class="_MouseModes_be7a0d"
      dir="ltr"
      role="radiogroup"
      style="outline: none;"
      tabindex="0"
    >
      <div
        class="_MouseModes__tool-group_be7a0d"
      >
        <span
          class="_MouseModes__trigger_be7a0d"
          data-state="closed"
        >
          <button
            aria-checked="true"
            aria-label="default"
            class="_MouseModes__button_be7a0d"
            data-radix-collection-item=""
            data-state="on"
            role="radio"
            tabindex="-1"
            type="button"
          >
            <svg
              class="Icon"
              data-fpl-icon-size="24"
              fill="none"
              height="24"
              style="color: var(--color-on-blue-1); --icon-scale-x: 1.3076923076923077; --icon-scale-y: 1.3076923076923077;"
              viewBox="0 0 24 24"
              width="24"
            >
              <path
                d="M6.586 6.586a2 2 0 0 1 2.005-.497l.14.05 9 3.535a2.002 2.002 0 0 1-.143 3.773l-3.167.974-.974 3.167a2 2 0 0 1-3.773.142l-3.535-9a2 2 0 0 1 .447-2.144m1.78.483a1 1 0 0 0-1.073.224l-.097.111a1 1 0 0 0-.127.961l3.536 9a1 1 0 0 0 .811.627l.157.007a1 1 0 0 0 .86-.559l.058-.146 1.13-3.673 3.673-1.13a1 1 0 0 0 .686-.762l.02-.156a1 1 0 0 0-.493-.9l-.142-.069z"
                data-svg-property="fill"
                fill="white"
              />
            </svg>
          </button>
        </span>
        <button
          aria-expanded="false"
          aria-haspopup="dialog"
          aria-label="default options"
          class="_ToolDropdown_4435b8"
          data-state="closed"
          type="button"
        >
          <svg
            class="Icon"
            data-fpl-icon-size="24"
            fill="none"
            height="24"
            style="color: var(--color-neutral-1);"
            viewBox="0 0 24 24"
            width="24"
          >
            <path
              clip-rule="evenodd"
              d="M9.646 11.146a.5.5 0 0 1 .708 0L12 12.793l1.646-1.647a.5.5 0 0 1 .708.708l-2 2a.5.5 0 0 1-.708 0l-2-2a.5.5 0 0 1 0-.708"
              data-svg-property="fill"
              fill="white"
              fill-rule="evenodd"
            />
          </svg>
        </button>
      </div>
      <div
        class="_MouseModes__tool-group_be7a0d"
      >
        <span
          class="_MouseModes__trigger_be7a0d"
          data-state="closed"
        >
          <button
            aria-checked="false"
            aria-label="frame"
            class="_MouseModes__button_be7a0d"
            data-radix-collection-item=""
            data-state="off"
            role="radio"
            tabindex="-1"
            type="button"
          >
            <svg
              class="Icon"
              data-fpl-icon-size="24"
              fill="none"
              height="24"
              style="color: var(--color-neutral-1); --icon-scale-x: 1.3333333333333333; --icon-scale-y: 1.3333333333333333;"
              viewBox="0 0 24 24"
              width="24"
            >
              <path
                clip-rule="evenodd"
                d="M8.5 6a.5.5 0 0 0-.5.5V8H6.5a.5.5 0 0 0 0 1H8v6H6.5a.5.5 0 0 0 0 1H8v1.5a.5.5 0 0 0 1 0V16h6v1.5a.5.5 0 0 0 1 0V16h1.5a.5.5 0 0 0 0-1H16V9h1.5a.5.5 0 0 0 0-1H16V6.5a.5.5 0 0 0-1 0V8H9V6.5a.5.5 0 0 0-.5-.5M15 9H9v6h6z"
                data-svg-property="fill"
                fill="white"
                fill-rule="evenodd"
              />
            </svg>
          </button>
        </span>
        <button
          aria-expanded="false"
          aria-haspopup="dialog"
          aria-label="frame options"
          class="_ToolDropdown_4435b8"
          data-state="closed"
          type="button"
        >
          <svg
            class="Icon"
            data-fpl-icon-size="24"
            fill="none"
            height="24"
            style="color: var(--color-neutral-1);"
            viewBox="0 0 24 24"
            width="24"
          >
            <path
              clip-rule="evenodd"
              d="M9.646 11.146a.5.5 0 0 1 .708 0L12 12.793l1.646-1.647a.5.5 0 0 1 .708.708l-2 2a.5.5 0 0 1-.708 0l-2-2a.5.5 0 0 1 0-.708"
              data-svg-property="fill"
              fill="white"
              fill-rule="evenodd"
            />
          </svg>
        </button>
      </div>
      <div
        class="_MouseModes__tool-group_be7a0d"
      >
        <span
          class="_MouseModes__trigger_be7a0d"
          data-state="closed"
        >
          <button
            aria-checked="false"
            aria-label="rectangle"
            class="_MouseModes__button_be7a0d"
            data-radix-collection-item=""
            data-state="off"
            role="radio"
            tabindex="-1"
            type="button"
          >
            <svg
              class="Icon"
              data-fpl-icon-size="24"
              fill="none"
              height="24"
              style="color: var(--color-neutral-1); --icon-scale-x: 1.3333333333333333; --icon-scale-y: 1.3333333333333333;"
              viewBox="0 0 24 24"
              width="24"
            >
              <path
                clip-rule="evenodd"
                d="M16.5 7h-9a.5.5 0 0 0-.5.5v9a.5.5 0 0 0 .5.5h9a.5.5 0 0 0 .5-.5v-9a.5.5 0 0 0-.5-.5m-9-1A1.5 1.5 0 0 0 6 7.5v9A1.5 1.5 0 0 0 7.5 18h9a1.5 1.5 0 0 0 1.5-1.5v-9A1.5 1.5 0 0 0 16.5 6z"
                data-svg-property="fill"
                fill="white"
                fill-rule="evenodd"
              />
            </svg>
          </button>
        </span>
        <button
          aria-expanded="false"
          aria-haspopup="dialog"
          aria-label="rectangle options"
          class="_ToolDropdown_4435b8"
          data-state="closed"
          type="button"
        >
          <svg
            class="Icon"
            data-fpl-icon-size="24"
            fill="none"
            height="24"
            style="color: var(--color-neutral-1);"
            viewBox="0 0 24 24"
            width="24"
          >
            <path
              clip-rule="evenodd"
              d="M9.646 11.146a.5.5 0 0 1 .708 0L12 12.793l1.646-1.647a.5.5 0 0 1 .708.708l-2 2a.5.5 0 0 1-.708 0l-2-2a.5.5 0 0 1 0-.708"
              data-svg-property="fill"
              fill="white"
              fill-rule="evenodd"
            />
          </svg>
        </button>
      </div>
      <div
        class="_MouseModes__tool-group_be7a0d"
      >
        <span
          class="_MouseModes__trigger_be7a0d"
          data-state="closed"
        >
          <button
            aria-checked="false"
            aria-label="pen"
            class="_MouseModes__button_be7a0d"
            data-radix-collection-item=""
            data-state="off"
            role="radio"
            tabindex="-1"
            type="button"
          >
            <svg
              class="Icon"
              data-fpl-icon-size="24"
              fill="none"
              height="24"
              style="color: var(--color-neutral-1); --icon-scale-x: 1.2857142857142858; --icon-scale-y: 1.2857142857142858;"
              viewBox="0 0 24 24"
              width="24"
            >
              <path
                d="M6.385 5.212a1 1 0 0 1 .81-.192l5.981 1.197.261.057A6 6 0 0 1 18 12.1v.487l.707.707a1 1 0 0 1 0 1.414l-4 4a1 1 0 0 1-1.414 0L12.586 18h-.488a6 6 0 0 1-5.825-4.563l-.058-.26-1.196-5.98a1 1 0 0 1 .274-.904l1-1zm.468.935 3.768 3.768a2.5 2.5 0 1 1-.707.707L6.146 6.854 6 7.001l1.196 5.98a5 5 0 0 0 4.68 4.015l.222.005H13l1 1 4-4-1-1V12.1a5 5 0 0 0-3.803-4.855l-.217-.048L7 6.001zM12 10.501a1.5 1.5 0 1 0 0 3 1.5 1.5 0 0 0 0-3"
                data-svg-property="fill"
                fill="white"
              />
            </svg>
          </button>
        </span>
        <button
          aria-expanded="false"
          aria-haspopup="dialog"
          aria-label="pen options"
          class="_ToolDropdown_4435b8"
          data-state="closed"
          type="button"
        >
          <svg
            class="Icon"
            data-fpl-icon-size="24"
            fill="none"
            height="24"
            style="color: var(--color-neutral-1);"
            viewBox="0 0 24 24"
            width="24"
          >
            <path
              clip-rule="evenodd"
              d="M9.646 11.146a.5.5 0 0 1 .708 0L12 12.793l1.646-1.647a.5.5 0 0 1 .708.708l-2 2a.5.5 0 0 1-.708 0l-2-2a.5.5 0 0 1 0-.708"
              data-svg-property="fill"
              fill="white"
              fill-rule="evenodd"
            />
          </svg>
        </button>
      </div>
      <div
        class="_MouseModes__tool-group_be7a0d"
      >
        <span
          class="_MouseModes__trigger_be7a0d"
          data-state="closed"
        >
          <button
            aria-checked="false"
            aria-label="text"
            class="_MouseModes__button_be7a0d"
            data-radix-collection-item=""
            data-state="off"
            role="radio"
            tabindex="-1"
            type="button"
          >
            <svg
              class="Icon"
              data-fpl-icon-size="24L"
              fill="none"
              height="24"
              style="color: var(--color-neutral-1);"
              viewBox="0 0 24 24"
              width="24"
            >
              <path
                d="M19.5 4a.5.5 0 0 1 .5.5v3a.5.5 0 0 1-1 0V5h-6.5v14H15a.5.5 0 0 1 0 1H9a.5.5 0 0 1 0-1h2.5V5H5v2.5a.5.5 0 0 1-1 0v-3a.5.5 0 0 1 .5-.5z"
                data-svg-property="fill"
                fill="white"
              />
            </svg>
          </button>
        </span>
        <button
          aria-expanded="false"
          aria-haspopup="dialog"
          aria-label="text options"
          class="_ToolDropdown_4435b8"
          data-state="closed"
          type="button"
        >
          <svg
            class="Icon"
            data-fpl-icon-size="24"
            fill="none"
            height="24"
            style="color: var(--color-neutral-1);"
            viewBox="0 0 24 24"
            width="24"
          >
            <path
              clip-rule="evenodd"
              d="M9.646 11.146a.5.5 0 0 1 .708 0L12 12.793l1.646-1.647a.5.5 0 0 1 .708.708l-2 2a.5.5 0 0 1-.708 0l-2-2a.5.5 0 0 1 0-.708"
              data-svg-property="fill"
              fill="white"
              fill-rule="evenodd"
            />
          </svg>
        </button>
      </div>
      <div
        class="_MouseModes__tool-group_be7a0d"
      >
        <span
          class="_MouseModes__trigger_be7a0d"
          data-state="closed"
        >
          <button
            aria-checked="false"
            aria-label="comment"
            class="_MouseModes__button_be7a0d"
            data-radix-collection-item=""
            data-state="off"
            role="radio"
            tabindex="-1"
            type="button"
          >
            <svg
              class="Icon"
              data-fpl-icon-size="24L"
              fill="none"
              height="24"
              style="color: var(--color-neutral-1);"
              viewBox="0 0 24 24"
              width="24"
            >
              <path
                d="M12.5 3a8.5 8.5 0 0 1 0 17H7.09c-.89 0-1.39 0-1.767-.121l-.154-.06a2 2 0 0 1-.906-.828l-.082-.16c-.136-.297-.17-.657-.178-1.248L4 16.909V11.5A8.5 8.5 0 0 1 12.5 3m0 1A7.5 7.5 0 0 0 5 11.5v5.41c0 .523 0 .861.02 1.12.018.247.05.34.07.385a1 1 0 0 0 .495.494c.045.02.138.053.386.072.258.019.596.019 1.12.019H12.5a7.5 7.5 0 0 0 0-15"
                data-svg-property="fill"
                fill="white"
              />
            </svg>
          </button>
        </span>
      </div>
    </div>
    <span
      class="_ActionsButton__trigger_1f2348"
      data-state="closed"
    >
      <button
        aria-expanded="false"
        aria-haspopup="dialog"
        aria-label="Actions"
        class="_ActionsButton_1f2348"
        data-state="closed"
        type="button"
      >
        <svg
          class="Icon"
          data-fpl-icon-size="24L"
          fill="none"
          height="24"
          style="color: var(--color-neutral-1);"
          viewBox="0 0 24 24"
          width="24"
        >
          <path
            d="M9 13a2 2 0 0 1 2 2v3a2 2 0 0 1-2 2H6a2 2 0 0 1-2-2v-3a2 2 0 0 1 2-2zm7.5 0a.5.5 0 0 1 .5.5V16h2.5a.5.5 0 0 1 0 1H17v2.5a.5.5 0 0 1-1 0V17h-2.5a.5.5 0 0 1 0-1H16v-2.5a.5.5 0 0 1 .5-.5M6 14a1 1 0 0 0-1 1v3a1 1 0 0 0 .897.995L6 19h3a1 1 0 0 0 1-1v-3a1 1 0 0 0-1-1zm.87-10.275a1 1 0 0 1 1.337.068l3 3a1 1 0 0 1 0 1.414l-3 3a1 1 0 0 1-1.414 0l-3-3a1 1 0 0 1 0-1.414l3-3zM16.5 4a3.5 3.5 0 1 1 0 7 3.5 3.5 0 0 1 0-7m-12 3.5 3 3 3-3-3-3zm12-2.5a2.5 2.5 0 1 0 0 5 2.5 2.5 0 0 0 0-5"
            fill="white"
          />
        </svg>
      </button>
    </span>
  </div>
</DocumentFragment>
`;
