// Vitest Snapshot v1, https://vitest.dev/guide/snapshot.html

exports[`ColumnDimensionsField snapshots > should render the field with its label and value 1`] = `
<DocumentFragment>
  <div
    class="_TextField_bd2800"
  >
    <div
      class="_TextFieldWrapper_9a3a67 _TextFieldWrapper--filled_9a3a67"
      data-test-text-field="width"
    >
      <div
        class="ScrubbableInput"
      >
        <span
          class="_ColumnDimensionsField__label_bca1a8"
        >
          W
        </span>
      </div>
      <input
        aria-label="Width"
        class="_TextFieldWrapper__input_9a3a67"
        data-test-bypass-global-shortcuts="true"
        data-test-text-field-input="width"
        type="number"
        value="326"
      />
    </div>
  </div>
</DocumentFragment>
`;
