// Vitest Snapshot v1, https://vitest.dev/guide/snapshot.html

exports[`SectionColumnButtonIcons snapshots > should render the given buttonsIcon 1`] = `
<DocumentFragment>
  <div>
    <div
      class="_SectionColumnButtonIcons_71f71e"
    >
      <button>
        wrap
      </button>
    </div>
  </div>
</DocumentFragment>
`;
